<!doctype html public "-//w3c//dtd html 4.0 transitional//en">
<html><head>
<title>Static Call Graph - [.\Flash\Blinky.axf]</title></head>
<body><HR>
<H1>Static Call Graph for image .\Flash\Blinky.axf</H1><HR>
<BR><P>#&#060CALLGRAPH&#062# ARM Linker, 5.03 [Build 69]: Last Updated: Mon Nov 17 19:21:43 2014
<BR><P>
<H3>Maximum Stack Usage =        288 bytes + Unknown(Cycles, Untraceable Function Pointers)</H3><H3>
Call chain for Maximum Stack Depth:</H3>
main &rArr; game_on &rArr; start_game &rArr; GLCD_DisplayString &rArr; GLCD_DisplayChar &rArr; GLCD_DrawChar &rArr; GLCD_SetWindow &rArr; wr_reg &rArr; wr_dat
<P>
<H3>
Mutually Recursive functions
</H3> <LI><a href="#[1]">NMI_Handler</a>&nbsp;&nbsp;&nbsp;&rArr;&nbsp;&nbsp;&nbsp;<a href="#[1]">NMI_Handler</a><BR>
 <LI><a href="#[2]">HardFault_Handler</a>&nbsp;&nbsp;&nbsp;&rArr;&nbsp;&nbsp;&nbsp;<a href="#[2]">HardFault_Handler</a><BR>
 <LI><a href="#[3]">MemManage_Handler</a>&nbsp;&nbsp;&nbsp;&rArr;&nbsp;&nbsp;&nbsp;<a href="#[3]">MemManage_Handler</a><BR>
 <LI><a href="#[4]">BusFault_Handler</a>&nbsp;&nbsp;&nbsp;&rArr;&nbsp;&nbsp;&nbsp;<a href="#[4]">BusFault_Handler</a><BR>
 <LI><a href="#[5]">UsageFault_Handler</a>&nbsp;&nbsp;&nbsp;&rArr;&nbsp;&nbsp;&nbsp;<a href="#[5]">UsageFault_Handler</a><BR>
 <LI><a href="#[6]">SVC_Handler</a>&nbsp;&nbsp;&nbsp;&rArr;&nbsp;&nbsp;&nbsp;<a href="#[6]">SVC_Handler</a><BR>
 <LI><a href="#[7]">DebugMon_Handler</a>&nbsp;&nbsp;&nbsp;&rArr;&nbsp;&nbsp;&nbsp;<a href="#[7]">DebugMon_Handler</a><BR>
 <LI><a href="#[8]">PendSV_Handler</a>&nbsp;&nbsp;&nbsp;&rArr;&nbsp;&nbsp;&nbsp;<a href="#[8]">PendSV_Handler</a><BR>
 <LI><a href="#[20]">ADC_IRQHandler</a>&nbsp;&nbsp;&nbsp;&rArr;&nbsp;&nbsp;&nbsp;<a href="#[20]">ADC_IRQHandler</a><BR>
 <LI><a href="#[65]">food</a>&nbsp;&nbsp;&nbsp;&rArr;&nbsp;&nbsp;&nbsp;<a href="#[65]">food</a><BR>
</UL>
<P>
<H3>
Function Pointers
</H3><UL>
 <LI><a href="#[20]">ADC_IRQHandler</a> from startup_lpc17xx.o(.text) referenced from startup_lpc17xx.o(RESET)
 <LI><a href="#[21]">BOD_IRQHandler</a> from startup_lpc17xx.o(.text) referenced from startup_lpc17xx.o(RESET)
 <LI><a href="#[4]">BusFault_Handler</a> from startup_lpc17xx.o(.text) referenced from startup_lpc17xx.o(RESET)
 <LI><a href="#[2c]">CANActivity_IRQHandler</a> from startup_lpc17xx.o(.text) referenced from startup_lpc17xx.o(RESET)
 <LI><a href="#[23]">CAN_IRQHandler</a> from startup_lpc17xx.o(.text) referenced from startup_lpc17xx.o(RESET)
 <LI><a href="#[24]">DMA_IRQHandler</a> from startup_lpc17xx.o(.text) referenced from startup_lpc17xx.o(RESET)
 <LI><a href="#[7]">DebugMon_Handler</a> from startup_lpc17xx.o(.text) referenced from startup_lpc17xx.o(RESET)
 <LI><a href="#[1c]">EINT0_IRQHandler</a> from startup_lpc17xx.o(.text) referenced from startup_lpc17xx.o(RESET)
 <LI><a href="#[1d]">EINT1_IRQHandler</a> from startup_lpc17xx.o(.text) referenced from startup_lpc17xx.o(RESET)
 <LI><a href="#[1e]">EINT2_IRQHandler</a> from startup_lpc17xx.o(.text) referenced from startup_lpc17xx.o(RESET)
 <LI><a href="#[1f]">EINT3_IRQHandler</a> from startup_lpc17xx.o(.text) referenced from startup_lpc17xx.o(RESET)
 <LI><a href="#[26]">ENET_IRQHandler</a> from startup_lpc17xx.o(.text) referenced from startup_lpc17xx.o(RESET)
 <LI><a href="#[2]">HardFault_Handler</a> from startup_lpc17xx.o(.text) referenced from startup_lpc17xx.o(RESET)
 <LI><a href="#[14]">I2C0_IRQHandler</a> from startup_lpc17xx.o(.text) referenced from startup_lpc17xx.o(RESET)
 <LI><a href="#[15]">I2C1_IRQHandler</a> from startup_lpc17xx.o(.text) referenced from startup_lpc17xx.o(RESET)
 <LI><a href="#[16]">I2C2_IRQHandler</a> from startup_lpc17xx.o(.text) referenced from startup_lpc17xx.o(RESET)
 <LI><a href="#[25]">I2S_IRQHandler</a> from startup_lpc17xx.o(.text) referenced from startup_lpc17xx.o(RESET)
 <LI><a href="#[28]">MCPWM_IRQHandler</a> from startup_lpc17xx.o(.text) referenced from startup_lpc17xx.o(RESET)
 <LI><a href="#[3]">MemManage_Handler</a> from startup_lpc17xx.o(.text) referenced from startup_lpc17xx.o(RESET)
 <LI><a href="#[1]">NMI_Handler</a> from startup_lpc17xx.o(.text) referenced from startup_lpc17xx.o(RESET)
 <LI><a href="#[1a]">PLL0_IRQHandler</a> from startup_lpc17xx.o(.text) referenced from startup_lpc17xx.o(RESET)
 <LI><a href="#[2a]">PLL1_IRQHandler</a> from startup_lpc17xx.o(.text) referenced from startup_lpc17xx.o(RESET)
 <LI><a href="#[13]">PWM1_IRQHandler</a> from startup_lpc17xx.o(.text) referenced from startup_lpc17xx.o(RESET)
 <LI><a href="#[8]">PendSV_Handler</a> from startup_lpc17xx.o(.text) referenced from startup_lpc17xx.o(RESET)
 <LI><a href="#[29]">QEI_IRQHandler</a> from startup_lpc17xx.o(.text) referenced from startup_lpc17xx.o(RESET)
 <LI><a href="#[27]">RIT_IRQHandler</a> from startup_lpc17xx.o(.text) referenced from startup_lpc17xx.o(RESET)
 <LI><a href="#[1b]">RTC_IRQHandler</a> from startup_lpc17xx.o(.text) referenced from startup_lpc17xx.o(RESET)
 <LI><a href="#[0]">Reset_Handler</a> from startup_lpc17xx.o(.text) referenced from startup_lpc17xx.o(RESET)
 <LI><a href="#[17]">SPI_IRQHandler</a> from startup_lpc17xx.o(.text) referenced from startup_lpc17xx.o(RESET)
 <LI><a href="#[18]">SSP0_IRQHandler</a> from startup_lpc17xx.o(.text) referenced from startup_lpc17xx.o(RESET)
 <LI><a href="#[19]">SSP1_IRQHandler</a> from startup_lpc17xx.o(.text) referenced from startup_lpc17xx.o(RESET)
 <LI><a href="#[6]">SVC_Handler</a> from startup_lpc17xx.o(.text) referenced from startup_lpc17xx.o(RESET)
 <LI><a href="#[9]">SysTick_Handler</a> from irq.o(.text) referenced from startup_lpc17xx.o(RESET)
 <LI><a href="#[2e]">SystemInit</a> from system_lpc17xx.o(.text) referenced from startup_lpc17xx.o(.text)
 <LI><a href="#[b]">TIMER0_IRQHandler</a> from usbdmain.o(.text) referenced from startup_lpc17xx.o(RESET)
 <LI><a href="#[c]">TIMER1_IRQHandler</a> from startup_lpc17xx.o(.text) referenced from startup_lpc17xx.o(RESET)
 <LI><a href="#[d]">TIMER2_IRQHandler</a> from startup_lpc17xx.o(.text) referenced from startup_lpc17xx.o(RESET)
 <LI><a href="#[e]">TIMER3_IRQHandler</a> from startup_lpc17xx.o(.text) referenced from startup_lpc17xx.o(RESET)
 <LI><a href="#[f]">UART0_IRQHandler</a> from startup_lpc17xx.o(.text) referenced from startup_lpc17xx.o(RESET)
 <LI><a href="#[10]">UART1_IRQHandler</a> from startup_lpc17xx.o(.text) referenced from startup_lpc17xx.o(RESET)
 <LI><a href="#[11]">UART2_IRQHandler</a> from startup_lpc17xx.o(.text) referenced from startup_lpc17xx.o(RESET)
 <LI><a href="#[12]">UART3_IRQHandler</a> from startup_lpc17xx.o(.text) referenced from startup_lpc17xx.o(RESET)
 <LI><a href="#[2b]">USBActivity_IRQHandler</a> from startup_lpc17xx.o(.text) referenced from startup_lpc17xx.o(RESET)
 <LI><a href="#[31]">USB_EndPoint0</a> from usbcore.o(.text) referenced from usbuser.o(.constdata)
 <LI><a href="#[32]">USB_EndPoint3</a> from usbuser.o(.text) referenced from usbuser.o(.constdata)
 <LI><a href="#[22]">USB_IRQHandler</a> from usbhw.o(.text) referenced from startup_lpc17xx.o(RESET)
 <LI><a href="#[5]">UsageFault_Handler</a> from startup_lpc17xx.o(.text) referenced from startup_lpc17xx.o(RESET)
 <LI><a href="#[a]">WDT_IRQHandler</a> from startup_lpc17xx.o(.text) referenced from startup_lpc17xx.o(RESET)
 <LI><a href="#[2f]">__main</a> from entry.o(.ARM.Collect$$$$00000000) referenced from startup_lpc17xx.o(.text)
 <LI><a href="#[30]">_sputc</a> from printf1.o(i._sputc) referenced from printf1.o(i.__0sprintf$1)
 <LI><a href="#[2d]">main</a> from blinky.o(.text) referenced from entry9a.o(.ARM.Collect$$$$0000000B)
</UL>
<P>
<H3>
Global Symbols
</H3>
<P><STRONG><a name="[2f]"></a>__main</STRONG> (Thumb, 0 bytes, Stack size unknown bytes, entry.o(.ARM.Collect$$$$00000000))
<BR>[Address Reference Count : 1]<UL><LI> startup_lpc17xx.o(.text)
</UL>
<P><STRONG><a name="[ab]"></a>_main_stk</STRONG> (Thumb, 0 bytes, Stack size unknown bytes, entry2.o(.ARM.Collect$$$$00000001))

<P><STRONG><a name="[33]"></a>_main_scatterload</STRONG> (Thumb, 0 bytes, Stack size unknown bytes, entry5.o(.ARM.Collect$$$$00000004))
<BR><BR>[Calls]<UL><LI><a href="#[34]">&gt;&gt;</a>&nbsp;&nbsp;&nbsp;__scatterload
</UL>

<P><STRONG><a name="[a6]"></a>__main_after_scatterload</STRONG> (Thumb, 0 bytes, Stack size unknown bytes, entry5.o(.ARM.Collect$$$$00000004))
<BR><BR>[Called By]<UL><LI><a href="#[34]">&gt;&gt;</a>&nbsp;&nbsp;&nbsp;__scatterload
</UL>

<P><STRONG><a name="[ac]"></a>_main_clock</STRONG> (Thumb, 0 bytes, Stack size unknown bytes, entry7b.o(.ARM.Collect$$$$00000008))

<P><STRONG><a name="[ad]"></a>_main_cpp_init</STRONG> (Thumb, 0 bytes, Stack size unknown bytes, entry8b.o(.ARM.Collect$$$$0000000A))

<P><STRONG><a name="[ae]"></a>_main_init</STRONG> (Thumb, 0 bytes, Stack size unknown bytes, entry9a.o(.ARM.Collect$$$$0000000B))

<P><STRONG><a name="[af]"></a>__rt_final_cpp</STRONG> (Thumb, 0 bytes, Stack size unknown bytes, entry10a.o(.ARM.Collect$$$$0000000D))

<P><STRONG><a name="[b0]"></a>__rt_final_exit</STRONG> (Thumb, 0 bytes, Stack size unknown bytes, entry11a.o(.ARM.Collect$$$$0000000F))

<P><STRONG><a name="[0]"></a>Reset_Handler</STRONG> (Thumb, 8 bytes, Stack size 0 bytes, startup_lpc17xx.o(.text))
<BR>[Address Reference Count : 1]<UL><LI> startup_lpc17xx.o(RESET)
</UL>
<P><STRONG><a name="[1]"></a>NMI_Handler</STRONG> (Thumb, 2 bytes, Stack size 0 bytes, startup_lpc17xx.o(.text))
<BR><BR>[Calls]<UL><LI><a href="#[1]">&gt;&gt;</a>&nbsp;&nbsp;&nbsp;NMI_Handler
</UL>
<BR>[Called By]<UL><LI><a href="#[1]">&gt;&gt;</a>&nbsp;&nbsp;&nbsp;NMI_Handler
</UL>
<BR>[Address Reference Count : 1]<UL><LI> startup_lpc17xx.o(RESET)
</UL>
<P><STRONG><a name="[2]"></a>HardFault_Handler</STRONG> (Thumb, 2 bytes, Stack size 0 bytes, startup_lpc17xx.o(.text))
<BR><BR>[Calls]<UL><LI><a href="#[2]">&gt;&gt;</a>&nbsp;&nbsp;&nbsp;HardFault_Handler
</UL>
<BR>[Called By]<UL><LI><a href="#[2]">&gt;&gt;</a>&nbsp;&nbsp;&nbsp;HardFault_Handler
</UL>
<BR>[Address Reference Count : 1]<UL><LI> startup_lpc17xx.o(RESET)
</UL>
<P><STRONG><a name="[3]"></a>MemManage_Handler</STRONG> (Thumb, 2 bytes, Stack size 0 bytes, startup_lpc17xx.o(.text))
<BR><BR>[Calls]<UL><LI><a href="#[3]">&gt;&gt;</a>&nbsp;&nbsp;&nbsp;MemManage_Handler
</UL>
<BR>[Called By]<UL><LI><a href="#[3]">&gt;&gt;</a>&nbsp;&nbsp;&nbsp;MemManage_Handler
</UL>
<BR>[Address Reference Count : 1]<UL><LI> startup_lpc17xx.o(RESET)
</UL>
<P><STRONG><a name="[4]"></a>BusFault_Handler</STRONG> (Thumb, 2 bytes, Stack size 0 bytes, startup_lpc17xx.o(.text))
<BR><BR>[Calls]<UL><LI><a href="#[4]">&gt;&gt;</a>&nbsp;&nbsp;&nbsp;BusFault_Handler
</UL>
<BR>[Called By]<UL><LI><a href="#[4]">&gt;&gt;</a>&nbsp;&nbsp;&nbsp;BusFault_Handler
</UL>
<BR>[Address Reference Count : 1]<UL><LI> startup_lpc17xx.o(RESET)
</UL>
<P><STRONG><a name="[5]"></a>UsageFault_Handler</STRONG> (Thumb, 2 bytes, Stack size 0 bytes, startup_lpc17xx.o(.text))
<BR><BR>[Calls]<UL><LI><a href="#[5]">&gt;&gt;</a>&nbsp;&nbsp;&nbsp;UsageFault_Handler
</UL>
<BR>[Called By]<UL><LI><a href="#[5]">&gt;&gt;</a>&nbsp;&nbsp;&nbsp;UsageFault_Handler
</UL>
<BR>[Address Reference Count : 1]<UL><LI> startup_lpc17xx.o(RESET)
</UL>
<P><STRONG><a name="[6]"></a>SVC_Handler</STRONG> (Thumb, 2 bytes, Stack size 0 bytes, startup_lpc17xx.o(.text))
<BR><BR>[Calls]<UL><LI><a href="#[6]">&gt;&gt;</a>&nbsp;&nbsp;&nbsp;SVC_Handler
</UL>
<BR>[Called By]<UL><LI><a href="#[6]">&gt;&gt;</a>&nbsp;&nbsp;&nbsp;SVC_Handler
</UL>
<BR>[Address Reference Count : 1]<UL><LI> startup_lpc17xx.o(RESET)
</UL>
<P><STRONG><a name="[7]"></a>DebugMon_Handler</STRONG> (Thumb, 2 bytes, Stack size 0 bytes, startup_lpc17xx.o(.text))
<BR><BR>[Calls]<UL><LI><a href="#[7]">&gt;&gt;</a>&nbsp;&nbsp;&nbsp;DebugMon_Handler
</UL>
<BR>[Called By]<UL><LI><a href="#[7]">&gt;&gt;</a>&nbsp;&nbsp;&nbsp;DebugMon_Handler
</UL>
<BR>[Address Reference Count : 1]<UL><LI> startup_lpc17xx.o(RESET)
</UL>
<P><STRONG><a name="[8]"></a>PendSV_Handler</STRONG> (Thumb, 2 bytes, Stack size 0 bytes, startup_lpc17xx.o(.text))
<BR><BR>[Calls]<UL><LI><a href="#[8]">&gt;&gt;</a>&nbsp;&nbsp;&nbsp;PendSV_Handler
</UL>
<BR>[Called By]<UL><LI><a href="#[8]">&gt;&gt;</a>&nbsp;&nbsp;&nbsp;PendSV_Handler
</UL>
<BR>[Address Reference Count : 1]<UL><LI> startup_lpc17xx.o(RESET)
</UL>
<P><STRONG><a name="[20]"></a>ADC_IRQHandler</STRONG> (Thumb, 0 bytes, Stack size 0 bytes, startup_lpc17xx.o(.text))
<BR><BR>[Calls]<UL><LI><a href="#[20]">&gt;&gt;</a>&nbsp;&nbsp;&nbsp;ADC_IRQHandler
</UL>
<BR>[Called By]<UL><LI><a href="#[20]">&gt;&gt;</a>&nbsp;&nbsp;&nbsp;ADC_IRQHandler
</UL>
<BR>[Address Reference Count : 1]<UL><LI> startup_lpc17xx.o(RESET)
</UL>
<P><STRONG><a name="[21]"></a>BOD_IRQHandler</STRONG> (Thumb, 0 bytes, Stack size 0 bytes, startup_lpc17xx.o(.text))
<BR>[Address Reference Count : 1]<UL><LI> startup_lpc17xx.o(RESET)
</UL>
<P><STRONG><a name="[2c]"></a>CANActivity_IRQHandler</STRONG> (Thumb, 0 bytes, Stack size 0 bytes, startup_lpc17xx.o(.text))
<BR>[Address Reference Count : 1]<UL><LI> startup_lpc17xx.o(RESET)
</UL>
<P><STRONG><a name="[23]"></a>CAN_IRQHandler</STRONG> (Thumb, 0 bytes, Stack size 0 bytes, startup_lpc17xx.o(.text))
<BR>[Address Reference Count : 1]<UL><LI> startup_lpc17xx.o(RESET)
</UL>
<P><STRONG><a name="[24]"></a>DMA_IRQHandler</STRONG> (Thumb, 0 bytes, Stack size 0 bytes, startup_lpc17xx.o(.text))
<BR>[Address Reference Count : 1]<UL><LI> startup_lpc17xx.o(RESET)
</UL>
<P><STRONG><a name="[1c]"></a>EINT0_IRQHandler</STRONG> (Thumb, 0 bytes, Stack size 0 bytes, startup_lpc17xx.o(.text))
<BR>[Address Reference Count : 1]<UL><LI> startup_lpc17xx.o(RESET)
</UL>
<P><STRONG><a name="[1d]"></a>EINT1_IRQHandler</STRONG> (Thumb, 0 bytes, Stack size 0 bytes, startup_lpc17xx.o(.text))
<BR>[Address Reference Count : 1]<UL><LI> startup_lpc17xx.o(RESET)
</UL>
<P><STRONG><a name="[1e]"></a>EINT2_IRQHandler</STRONG> (Thumb, 0 bytes, Stack size 0 bytes, startup_lpc17xx.o(.text))
<BR>[Address Reference Count : 1]<UL><LI> startup_lpc17xx.o(RESET)
</UL>
<P><STRONG><a name="[1f]"></a>EINT3_IRQHandler</STRONG> (Thumb, 0 bytes, Stack size 0 bytes, startup_lpc17xx.o(.text))
<BR>[Address Reference Count : 1]<UL><LI> startup_lpc17xx.o(RESET)
</UL>
<P><STRONG><a name="[26]"></a>ENET_IRQHandler</STRONG> (Thumb, 0 bytes, Stack size 0 bytes, startup_lpc17xx.o(.text))
<BR>[Address Reference Count : 1]<UL><LI> startup_lpc17xx.o(RESET)
</UL>
<P><STRONG><a name="[14]"></a>I2C0_IRQHandler</STRONG> (Thumb, 0 bytes, Stack size 0 bytes, startup_lpc17xx.o(.text))
<BR>[Address Reference Count : 1]<UL><LI> startup_lpc17xx.o(RESET)
</UL>
<P><STRONG><a name="[15]"></a>I2C1_IRQHandler</STRONG> (Thumb, 0 bytes, Stack size 0 bytes, startup_lpc17xx.o(.text))
<BR>[Address Reference Count : 1]<UL><LI> startup_lpc17xx.o(RESET)
</UL>
<P><STRONG><a name="[16]"></a>I2C2_IRQHandler</STRONG> (Thumb, 0 bytes, Stack size 0 bytes, startup_lpc17xx.o(.text))
<BR>[Address Reference Count : 1]<UL><LI> startup_lpc17xx.o(RESET)
</UL>
<P><STRONG><a name="[25]"></a>I2S_IRQHandler</STRONG> (Thumb, 0 bytes, Stack size 0 bytes, startup_lpc17xx.o(.text))
<BR>[Address Reference Count : 1]<UL><LI> startup_lpc17xx.o(RESET)
</UL>
<P><STRONG><a name="[28]"></a>MCPWM_IRQHandler</STRONG> (Thumb, 0 bytes, Stack size 0 bytes, startup_lpc17xx.o(.text))
<BR>[Address Reference Count : 1]<UL><LI> startup_lpc17xx.o(RESET)
</UL>
<P><STRONG><a name="[1a]"></a>PLL0_IRQHandler</STRONG> (Thumb, 0 bytes, Stack size 0 bytes, startup_lpc17xx.o(.text))
<BR>[Address Reference Count : 1]<UL><LI> startup_lpc17xx.o(RESET)
</UL>
<P><STRONG><a name="[2a]"></a>PLL1_IRQHandler</STRONG> (Thumb, 0 bytes, Stack size 0 bytes, startup_lpc17xx.o(.text))
<BR>[Address Reference Count : 1]<UL><LI> startup_lpc17xx.o(RESET)
</UL>
<P><STRONG><a name="[13]"></a>PWM1_IRQHandler</STRONG> (Thumb, 0 bytes, Stack size 0 bytes, startup_lpc17xx.o(.text))
<BR>[Address Reference Count : 1]<UL><LI> startup_lpc17xx.o(RESET)
</UL>
<P><STRONG><a name="[29]"></a>QEI_IRQHandler</STRONG> (Thumb, 0 bytes, Stack size 0 bytes, startup_lpc17xx.o(.text))
<BR>[Address Reference Count : 1]<UL><LI> startup_lpc17xx.o(RESET)
</UL>
<P><STRONG><a name="[27]"></a>RIT_IRQHandler</STRONG> (Thumb, 0 bytes, Stack size 0 bytes, startup_lpc17xx.o(.text))
<BR>[Address Reference Count : 1]<UL><LI> startup_lpc17xx.o(RESET)
</UL>
<P><STRONG><a name="[1b]"></a>RTC_IRQHandler</STRONG> (Thumb, 0 bytes, Stack size 0 bytes, startup_lpc17xx.o(.text))
<BR>[Address Reference Count : 1]<UL><LI> startup_lpc17xx.o(RESET)
</UL>
<P><STRONG><a name="[17]"></a>SPI_IRQHandler</STRONG> (Thumb, 0 bytes, Stack size 0 bytes, startup_lpc17xx.o(.text))
<BR>[Address Reference Count : 1]<UL><LI> startup_lpc17xx.o(RESET)
</UL>
<P><STRONG><a name="[18]"></a>SSP0_IRQHandler</STRONG> (Thumb, 0 bytes, Stack size 0 bytes, startup_lpc17xx.o(.text))
<BR>[Address Reference Count : 1]<UL><LI> startup_lpc17xx.o(RESET)
</UL>
<P><STRONG><a name="[19]"></a>SSP1_IRQHandler</STRONG> (Thumb, 0 bytes, Stack size 0 bytes, startup_lpc17xx.o(.text))
<BR>[Address Reference Count : 1]<UL><LI> startup_lpc17xx.o(RESET)
</UL>
<P><STRONG><a name="[c]"></a>TIMER1_IRQHandler</STRONG> (Thumb, 0 bytes, Stack size 0 bytes, startup_lpc17xx.o(.text))
<BR>[Address Reference Count : 1]<UL><LI> startup_lpc17xx.o(RESET)
</UL>
<P><STRONG><a name="[d]"></a>TIMER2_IRQHandler</STRONG> (Thumb, 0 bytes, Stack size 0 bytes, startup_lpc17xx.o(.text))
<BR>[Address Reference Count : 1]<UL><LI> startup_lpc17xx.o(RESET)
</UL>
<P><STRONG><a name="[e]"></a>TIMER3_IRQHandler</STRONG> (Thumb, 0 bytes, Stack size 0 bytes, startup_lpc17xx.o(.text))
<BR>[Address Reference Count : 1]<UL><LI> startup_lpc17xx.o(RESET)
</UL>
<P><STRONG><a name="[f]"></a>UART0_IRQHandler</STRONG> (Thumb, 0 bytes, Stack size 0 bytes, startup_lpc17xx.o(.text))
<BR>[Address Reference Count : 1]<UL><LI> startup_lpc17xx.o(RESET)
</UL>
<P><STRONG><a name="[10]"></a>UART1_IRQHandler</STRONG> (Thumb, 0 bytes, Stack size 0 bytes, startup_lpc17xx.o(.text))
<BR>[Address Reference Count : 1]<UL><LI> startup_lpc17xx.o(RESET)
</UL>
<P><STRONG><a name="[11]"></a>UART2_IRQHandler</STRONG> (Thumb, 0 bytes, Stack size 0 bytes, startup_lpc17xx.o(.text))
<BR>[Address Reference Count : 1]<UL><LI> startup_lpc17xx.o(RESET)
</UL>
<P><STRONG><a name="[12]"></a>UART3_IRQHandler</STRONG> (Thumb, 0 bytes, Stack size 0 bytes, startup_lpc17xx.o(.text))
<BR>[Address Reference Count : 1]<UL><LI> startup_lpc17xx.o(RESET)
</UL>
<P><STRONG><a name="[2b]"></a>USBActivity_IRQHandler</STRONG> (Thumb, 0 bytes, Stack size 0 bytes, startup_lpc17xx.o(.text))
<BR>[Address Reference Count : 1]<UL><LI> startup_lpc17xx.o(RESET)
</UL>
<P><STRONG><a name="[a]"></a>WDT_IRQHandler</STRONG> (Thumb, 0 bytes, Stack size 0 bytes, startup_lpc17xx.o(.text))
<BR>[Address Reference Count : 1]<UL><LI> startup_lpc17xx.o(RESET)
</UL>
<P><STRONG><a name="[55]"></a>LED_Init</STRONG> (Thumb, 38 bytes, Stack size 0 bytes, led.o(.text))
<BR><BR>[Called By]<UL><LI><a href="#[5b]">&gt;&gt;</a>&nbsp;&nbsp;&nbsp;snakegame
<LI><a href="#[2d]">&gt;&gt;</a>&nbsp;&nbsp;&nbsp;main
</UL>

<P><STRONG><a name="[36]"></a>LED_On</STRONG> (Thumb, 40 bytes, Stack size 0 bytes, led.o(.text), UNUSED)
<BR><BR>[Called By]<UL><LI><a href="#[35]">&gt;&gt;</a>&nbsp;&nbsp;&nbsp;LED_Out
</UL>

<P><STRONG><a name="[37]"></a>LED_Off</STRONG> (Thumb, 40 bytes, Stack size 0 bytes, led.o(.text), UNUSED)
<BR><BR>[Called By]<UL><LI><a href="#[35]">&gt;&gt;</a>&nbsp;&nbsp;&nbsp;LED_Out
</UL>

<P><STRONG><a name="[35]"></a>LED_Out</STRONG> (Thumb, 38 bytes, Stack size 8 bytes, led.o(.text), UNUSED)
<BR><BR>[Calls]<UL><LI><a href="#[37]">&gt;&gt;</a>&nbsp;&nbsp;&nbsp;LED_Off
<LI><a href="#[36]">&gt;&gt;</a>&nbsp;&nbsp;&nbsp;LED_On
</UL>

<P><STRONG><a name="[9]"></a>SysTick_Handler</STRONG> (Thumb, 118 bytes, Stack size 0 bytes, irq.o(.text))
<BR>[Address Reference Count : 1]<UL><LI> startup_lpc17xx.o(RESET)
</UL>
<P><STRONG><a name="[54]"></a>KBD_Init</STRONG> (Thumb, 42 bytes, Stack size 0 bytes, kbd.o(.text))
<BR><BR>[Called By]<UL><LI><a href="#[5b]">&gt;&gt;</a>&nbsp;&nbsp;&nbsp;snakegame
<LI><a href="#[2d]">&gt;&gt;</a>&nbsp;&nbsp;&nbsp;main
</UL>

<P><STRONG><a name="[39]"></a>KBD_get</STRONG> (Thumb, 12 bytes, Stack size 0 bytes, kbd.o(.text))
<BR><BR>[Called By]<UL><LI><a href="#[38]">&gt;&gt;</a>&nbsp;&nbsp;&nbsp;get_button
</UL>

<P><STRONG><a name="[38]"></a>get_button</STRONG> (Thumb, 20 bytes, Stack size 4 bytes, kbd.o(.text))
<BR><BR>[Stack]<UL><LI>Max Depth = 4<LI>Call Chain = get_button
</UL>
<BR>[Calls]<UL><LI><a href="#[39]">&gt;&gt;</a>&nbsp;&nbsp;&nbsp;KBD_get
</UL>
<BR>[Called By]<UL><LI><a href="#[b]">&gt;&gt;</a>&nbsp;&nbsp;&nbsp;TIMER0_IRQHandler
<LI><a href="#[63]">&gt;&gt;</a>&nbsp;&nbsp;&nbsp;start_game
<LI><a href="#[5b]">&gt;&gt;</a>&nbsp;&nbsp;&nbsp;snakegame
<LI><a href="#[5a]">&gt;&gt;</a>&nbsp;&nbsp;&nbsp;game_on
<LI><a href="#[2d]">&gt;&gt;</a>&nbsp;&nbsp;&nbsp;main
</UL>

<P><STRONG><a name="[5e]"></a>rand</STRONG> (Thumb, 20 bytes, Stack size 0 bytes, rand.o(.text))
<BR><BR>[Called By]<UL><LI><a href="#[65]">&gt;&gt;</a>&nbsp;&nbsp;&nbsp;food
<LI><a href="#[5d]">&gt;&gt;</a>&nbsp;&nbsp;&nbsp;create_level
</UL>

<P><STRONG><a name="[b1]"></a>srand</STRONG> (Thumb, 6 bytes, Stack size 0 bytes, rand.o(.text), UNUSED)

<P><STRONG><a name="[60]"></a>__aeabi_cdrcmple</STRONG> (Thumb, 38 bytes, Stack size 0 bytes, cdrcmple.o(.text))
<BR><BR>[Called By]<UL><LI><a href="#[5d]">&gt;&gt;</a>&nbsp;&nbsp;&nbsp;create_level
</UL>

<P><STRONG><a name="[b2]"></a>__I$use$fp</STRONG> (Thumb, 0 bytes, Stack size unknown bytes, iusefp.o(.text), UNUSED)

<P><STRONG><a name="[b3]"></a>__scatterload_copy</STRONG> (Thumb, 14 bytes, Stack size unknown bytes, handlers.o(i.__scatterload_copy), UNUSED)

<P><STRONG><a name="[b4]"></a>__scatterload_null</STRONG> (Thumb, 2 bytes, Stack size unknown bytes, handlers.o(i.__scatterload_null), UNUSED)

<P><STRONG><a name="[3a]"></a>SystemCoreClockUpdate</STRONG> (Thumb, 424 bytes, Stack size 32 bytes, system_lpc17xx.o(.text), UNUSED)
<BR><BR>[Calls]<UL><LI><a href="#[3b]">&gt;&gt;</a>&nbsp;&nbsp;&nbsp;__aeabi_uldivmod
</UL>

<P><STRONG><a name="[2e]"></a>SystemInit</STRONG> (Thumb, 290 bytes, Stack size 0 bytes, system_lpc17xx.o(.text))
<BR>[Address Reference Count : 1]<UL><LI> startup_lpc17xx.o(.text)
</UL>
<P><STRONG><a name="[89]"></a>SystemClockUpdate</STRONG> (Thumb, 398 bytes, Stack size 0 bytes, system_lpc17xx.o(.text))
<BR><BR>[Called By]<UL><LI><a href="#[58]">&gt;&gt;</a>&nbsp;&nbsp;&nbsp;audio_main
</UL>

<P><STRONG><a name="[43]"></a>GLCD_Init</STRONG> (Thumb, 1514 bytes, Stack size 8 bytes, glcd_spi_lpc1700.o(.text))
<BR><BR>[Stack]<UL><LI>Max Depth = 40<LI>Call Chain = GLCD_Init &rArr; rd_id_man &rArr; spi_tran_man
</UL>
<BR>[Calls]<UL><LI><a href="#[44]">&gt;&gt;</a>&nbsp;&nbsp;&nbsp;wr_reg
<LI><a href="#[42]">&gt;&gt;</a>&nbsp;&nbsp;&nbsp;rd_id_man
<LI><a href="#[41]">&gt;&gt;</a>&nbsp;&nbsp;&nbsp;rd_reg
<LI><a href="#[3d]">&gt;&gt;</a>&nbsp;&nbsp;&nbsp;delay
</UL>
<BR>[Called By]<UL><LI><a href="#[5b]">&gt;&gt;</a>&nbsp;&nbsp;&nbsp;snakegame
<LI><a href="#[58]">&gt;&gt;</a>&nbsp;&nbsp;&nbsp;audio_main
<LI><a href="#[2d]">&gt;&gt;</a>&nbsp;&nbsp;&nbsp;main
</UL>

<P><STRONG><a name="[45]"></a>GLCD_SetWindow</STRONG> (Thumb, 168 bytes, Stack size 32 bytes, glcd_spi_lpc1700.o(.text))
<BR><BR>[Stack]<UL><LI>Max Depth = 56<LI>Call Chain = GLCD_SetWindow &rArr; wr_reg &rArr; wr_dat
</UL>
<BR>[Calls]<UL><LI><a href="#[44]">&gt;&gt;</a>&nbsp;&nbsp;&nbsp;wr_reg
</UL>
<BR>[Called By]<UL><LI><a href="#[51]">&gt;&gt;</a>&nbsp;&nbsp;&nbsp;GLCD_BitmapZoom
<LI><a href="#[50]">&gt;&gt;</a>&nbsp;&nbsp;&nbsp;GLCD_BitmapFull
<LI><a href="#[4f]">&gt;&gt;</a>&nbsp;&nbsp;&nbsp;GLCD_Bitmap
<LI><a href="#[4c]">&gt;&gt;</a>&nbsp;&nbsp;&nbsp;GLCD_DrawChar
<LI><a href="#[46]">&gt;&gt;</a>&nbsp;&nbsp;&nbsp;GLCD_WindowMax
</UL>

<P><STRONG><a name="[46]"></a>GLCD_WindowMax</STRONG> (Thumb, 26 bytes, Stack size 8 bytes, glcd_spi_lpc1700.o(.text))
<BR><BR>[Stack]<UL><LI>Max Depth = 64<LI>Call Chain = GLCD_WindowMax &rArr; GLCD_SetWindow &rArr; wr_reg &rArr; wr_dat
</UL>
<BR>[Calls]<UL><LI><a href="#[45]">&gt;&gt;</a>&nbsp;&nbsp;&nbsp;GLCD_SetWindow
</UL>
<BR>[Called By]<UL><LI><a href="#[48]">&gt;&gt;</a>&nbsp;&nbsp;&nbsp;GLCD_Clear
</UL>

<P><STRONG><a name="[47]"></a>GLCD_PutPixel</STRONG> (Thumb, 118 bytes, Stack size 16 bytes, glcd_spi_lpc1700.o(.text))
<BR><BR>[Stack]<UL><LI>Max Depth = 40<LI>Call Chain = GLCD_PutPixel &rArr; wr_reg &rArr; wr_dat
</UL>
<BR>[Calls]<UL><LI><a href="#[44]">&gt;&gt;</a>&nbsp;&nbsp;&nbsp;wr_reg
<LI><a href="#[40]">&gt;&gt;</a>&nbsp;&nbsp;&nbsp;wr_dat
<LI><a href="#[3e]">&gt;&gt;</a>&nbsp;&nbsp;&nbsp;wr_cmd
</UL>
<BR>[Called By]<UL><LI><a href="#[62]">&gt;&gt;</a>&nbsp;&nbsp;&nbsp;clear_line
<LI><a href="#[61]">&gt;&gt;</a>&nbsp;&nbsp;&nbsp;draw_line
<LI><a href="#[58]">&gt;&gt;</a>&nbsp;&nbsp;&nbsp;audio_main
</UL>

<P><STRONG><a name="[57]"></a>GLCD_SetTextColor</STRONG> (Thumb, 6 bytes, Stack size 0 bytes, glcd_spi_lpc1700.o(.text))
<BR><BR>[Called By]<UL><LI><a href="#[63]">&gt;&gt;</a>&nbsp;&nbsp;&nbsp;start_game
<LI><a href="#[62]">&gt;&gt;</a>&nbsp;&nbsp;&nbsp;clear_line
<LI><a href="#[61]">&gt;&gt;</a>&nbsp;&nbsp;&nbsp;draw_line
<LI><a href="#[5b]">&gt;&gt;</a>&nbsp;&nbsp;&nbsp;snakegame
<LI><a href="#[5a]">&gt;&gt;</a>&nbsp;&nbsp;&nbsp;game_on
<LI><a href="#[58]">&gt;&gt;</a>&nbsp;&nbsp;&nbsp;audio_main
<LI><a href="#[2d]">&gt;&gt;</a>&nbsp;&nbsp;&nbsp;main
</UL>

<P><STRONG><a name="[56]"></a>GLCD_SetBackColor</STRONG> (Thumb, 6 bytes, Stack size 0 bytes, glcd_spi_lpc1700.o(.text))
<BR><BR>[Called By]<UL><LI><a href="#[63]">&gt;&gt;</a>&nbsp;&nbsp;&nbsp;start_game
<LI><a href="#[5b]">&gt;&gt;</a>&nbsp;&nbsp;&nbsp;snakegame
<LI><a href="#[5a]">&gt;&gt;</a>&nbsp;&nbsp;&nbsp;game_on
<LI><a href="#[58]">&gt;&gt;</a>&nbsp;&nbsp;&nbsp;audio_main
<LI><a href="#[2d]">&gt;&gt;</a>&nbsp;&nbsp;&nbsp;main
</UL>

<P><STRONG><a name="[48]"></a>GLCD_Clear</STRONG> (Thumb, 42 bytes, Stack size 16 bytes, glcd_spi_lpc1700.o(.text))
<BR><BR>[Stack]<UL><LI>Max Depth = 80<LI>Call Chain = GLCD_Clear &rArr; GLCD_WindowMax &rArr; GLCD_SetWindow &rArr; wr_reg &rArr; wr_dat
</UL>
<BR>[Calls]<UL><LI><a href="#[46]">&gt;&gt;</a>&nbsp;&nbsp;&nbsp;GLCD_WindowMax
<LI><a href="#[4a]">&gt;&gt;</a>&nbsp;&nbsp;&nbsp;wr_dat_only
<LI><a href="#[4b]">&gt;&gt;</a>&nbsp;&nbsp;&nbsp;wr_dat_stop
<LI><a href="#[49]">&gt;&gt;</a>&nbsp;&nbsp;&nbsp;wr_dat_start
<LI><a href="#[3e]">&gt;&gt;</a>&nbsp;&nbsp;&nbsp;wr_cmd
</UL>
<BR>[Called By]<UL><LI><a href="#[5d]">&gt;&gt;</a>&nbsp;&nbsp;&nbsp;create_level
<LI><a href="#[5c]">&gt;&gt;</a>&nbsp;&nbsp;&nbsp;facedown_cards
<LI><a href="#[5b]">&gt;&gt;</a>&nbsp;&nbsp;&nbsp;snakegame
<LI><a href="#[5a]">&gt;&gt;</a>&nbsp;&nbsp;&nbsp;game_on
<LI><a href="#[58]">&gt;&gt;</a>&nbsp;&nbsp;&nbsp;audio_main
<LI><a href="#[2d]">&gt;&gt;</a>&nbsp;&nbsp;&nbsp;main
</UL>

<P><STRONG><a name="[4c]"></a>GLCD_DrawChar</STRONG> (Thumb, 150 bytes, Stack size 56 bytes, glcd_spi_lpc1700.o(.text))
<BR><BR>[Stack]<UL><LI>Max Depth = 112<LI>Call Chain = GLCD_DrawChar &rArr; GLCD_SetWindow &rArr; wr_reg &rArr; wr_dat
</UL>
<BR>[Calls]<UL><LI><a href="#[45]">&gt;&gt;</a>&nbsp;&nbsp;&nbsp;GLCD_SetWindow
<LI><a href="#[4a]">&gt;&gt;</a>&nbsp;&nbsp;&nbsp;wr_dat_only
<LI><a href="#[4b]">&gt;&gt;</a>&nbsp;&nbsp;&nbsp;wr_dat_stop
<LI><a href="#[49]">&gt;&gt;</a>&nbsp;&nbsp;&nbsp;wr_dat_start
<LI><a href="#[3e]">&gt;&gt;</a>&nbsp;&nbsp;&nbsp;wr_cmd
</UL>
<BR>[Called By]<UL><LI><a href="#[4d]">&gt;&gt;</a>&nbsp;&nbsp;&nbsp;GLCD_DisplayChar
</UL>

<P><STRONG><a name="[4d]"></a>GLCD_DisplayChar</STRONG> (Thumb, 84 bytes, Stack size 24 bytes, glcd_spi_lpc1700.o(.text))
<BR><BR>[Stack]<UL><LI>Max Depth = 136<LI>Call Chain = GLCD_DisplayChar &rArr; GLCD_DrawChar &rArr; GLCD_SetWindow &rArr; wr_reg &rArr; wr_dat
</UL>
<BR>[Calls]<UL><LI><a href="#[4c]">&gt;&gt;</a>&nbsp;&nbsp;&nbsp;GLCD_DrawChar
</UL>
<BR>[Called By]<UL><LI><a href="#[68]">&gt;&gt;</a>&nbsp;&nbsp;&nbsp;updatebody
<LI><a href="#[65]">&gt;&gt;</a>&nbsp;&nbsp;&nbsp;food
<LI><a href="#[4e]">&gt;&gt;</a>&nbsp;&nbsp;&nbsp;GLCD_DisplayString
</UL>

<P><STRONG><a name="[4e]"></a>GLCD_DisplayString</STRONG> (Thumb, 40 bytes, Stack size 24 bytes, glcd_spi_lpc1700.o(.text))
<BR><BR>[Stack]<UL><LI>Max Depth = 160<LI>Call Chain = GLCD_DisplayString &rArr; GLCD_DisplayChar &rArr; GLCD_DrawChar &rArr; GLCD_SetWindow &rArr; wr_reg &rArr; wr_dat
</UL>
<BR>[Calls]<UL><LI><a href="#[4d]">&gt;&gt;</a>&nbsp;&nbsp;&nbsp;GLCD_DisplayChar
</UL>
<BR>[Called By]<UL><LI><a href="#[63]">&gt;&gt;</a>&nbsp;&nbsp;&nbsp;start_game
<LI><a href="#[5b]">&gt;&gt;</a>&nbsp;&nbsp;&nbsp;snakegame
<LI><a href="#[5a]">&gt;&gt;</a>&nbsp;&nbsp;&nbsp;game_on
<LI><a href="#[58]">&gt;&gt;</a>&nbsp;&nbsp;&nbsp;audio_main
<LI><a href="#[2d]">&gt;&gt;</a>&nbsp;&nbsp;&nbsp;main
</UL>

<P><STRONG><a name="[4f]"></a>GLCD_Bitmap</STRONG> (Thumb, 82 bytes, Stack size 40 bytes, glcd_spi_lpc1700.o(.text))
<BR><BR>[Stack]<UL><LI>Max Depth = 96<LI>Call Chain = GLCD_Bitmap &rArr; GLCD_SetWindow &rArr; wr_reg &rArr; wr_dat
</UL>
<BR>[Calls]<UL><LI><a href="#[45]">&gt;&gt;</a>&nbsp;&nbsp;&nbsp;GLCD_SetWindow
<LI><a href="#[4a]">&gt;&gt;</a>&nbsp;&nbsp;&nbsp;wr_dat_only
<LI><a href="#[4b]">&gt;&gt;</a>&nbsp;&nbsp;&nbsp;wr_dat_stop
<LI><a href="#[49]">&gt;&gt;</a>&nbsp;&nbsp;&nbsp;wr_dat_start
<LI><a href="#[3e]">&gt;&gt;</a>&nbsp;&nbsp;&nbsp;wr_cmd
</UL>
<BR>[Called By]<UL><LI><a href="#[63]">&gt;&gt;</a>&nbsp;&nbsp;&nbsp;start_game
<LI><a href="#[5d]">&gt;&gt;</a>&nbsp;&nbsp;&nbsp;create_level
<LI><a href="#[5c]">&gt;&gt;</a>&nbsp;&nbsp;&nbsp;facedown_cards
</UL>

<P><STRONG><a name="[50]"></a>GLCD_BitmapFull</STRONG> (Thumb, 128 bytes, Stack size 40 bytes, glcd_spi_lpc1700.o(.text), UNUSED)
<BR><BR>[Calls]<UL><LI><a href="#[45]">&gt;&gt;</a>&nbsp;&nbsp;&nbsp;GLCD_SetWindow
<LI><a href="#[4a]">&gt;&gt;</a>&nbsp;&nbsp;&nbsp;wr_dat_only
<LI><a href="#[4b]">&gt;&gt;</a>&nbsp;&nbsp;&nbsp;wr_dat_stop
<LI><a href="#[49]">&gt;&gt;</a>&nbsp;&nbsp;&nbsp;wr_dat_start
<LI><a href="#[3e]">&gt;&gt;</a>&nbsp;&nbsp;&nbsp;wr_cmd
</UL>

<P><STRONG><a name="[51]"></a>GLCD_BitmapZoom</STRONG> (Thumb, 144 bytes, Stack size 48 bytes, glcd_spi_lpc1700.o(.text), UNUSED)
<BR><BR>[Calls]<UL><LI><a href="#[45]">&gt;&gt;</a>&nbsp;&nbsp;&nbsp;GLCD_SetWindow
<LI><a href="#[4a]">&gt;&gt;</a>&nbsp;&nbsp;&nbsp;wr_dat_only
<LI><a href="#[4b]">&gt;&gt;</a>&nbsp;&nbsp;&nbsp;wr_dat_stop
<LI><a href="#[49]">&gt;&gt;</a>&nbsp;&nbsp;&nbsp;wr_dat_start
<LI><a href="#[3e]">&gt;&gt;</a>&nbsp;&nbsp;&nbsp;wr_cmd
</UL>

<P><STRONG><a name="[52]"></a>GLCD_WrCmd</STRONG> (Thumb, 12 bytes, Stack size 8 bytes, glcd_spi_lpc1700.o(.text), UNUSED)
<BR><BR>[Calls]<UL><LI><a href="#[3e]">&gt;&gt;</a>&nbsp;&nbsp;&nbsp;wr_cmd
</UL>

<P><STRONG><a name="[53]"></a>GLCD_WrReg</STRONG> (Thumb, 16 bytes, Stack size 16 bytes, glcd_spi_lpc1700.o(.text), UNUSED)
<BR><BR>[Calls]<UL><LI><a href="#[44]">&gt;&gt;</a>&nbsp;&nbsp;&nbsp;wr_reg
</UL>

<P><STRONG><a name="[2d]"></a>main</STRONG> (Thumb, 838 bytes, Stack size 0 bytes, blinky.o(.text))
<BR><BR>[Stack]<UL><LI>Max Depth = 288<LI>Call Chain = main &rArr; game_on &rArr; start_game &rArr; GLCD_DisplayString &rArr; GLCD_DisplayChar &rArr; GLCD_DrawChar &rArr; GLCD_SetWindow &rArr; wr_reg &rArr; wr_dat
</UL>
<BR>[Calls]<UL><LI><a href="#[5b]">&gt;&gt;</a>&nbsp;&nbsp;&nbsp;snakegame
<LI><a href="#[38]">&gt;&gt;</a>&nbsp;&nbsp;&nbsp;get_button
<LI><a href="#[5a]">&gt;&gt;</a>&nbsp;&nbsp;&nbsp;game_on
<LI><a href="#[59]">&gt;&gt;</a>&nbsp;&nbsp;&nbsp;delay
<LI><a href="#[58]">&gt;&gt;</a>&nbsp;&nbsp;&nbsp;audio_main
<LI><a href="#[54]">&gt;&gt;</a>&nbsp;&nbsp;&nbsp;KBD_Init
<LI><a href="#[55]">&gt;&gt;</a>&nbsp;&nbsp;&nbsp;LED_Init
<LI><a href="#[4e]">&gt;&gt;</a>&nbsp;&nbsp;&nbsp;GLCD_DisplayString
<LI><a href="#[48]">&gt;&gt;</a>&nbsp;&nbsp;&nbsp;GLCD_Clear
<LI><a href="#[56]">&gt;&gt;</a>&nbsp;&nbsp;&nbsp;GLCD_SetBackColor
<LI><a href="#[57]">&gt;&gt;</a>&nbsp;&nbsp;&nbsp;GLCD_SetTextColor
<LI><a href="#[43]">&gt;&gt;</a>&nbsp;&nbsp;&nbsp;GLCD_Init
</UL>
<BR>[Address Reference Count : 1]<UL><LI> entry9a.o(.ARM.Collect$$$$0000000B)
</UL>
<P><STRONG><a name="[5c]"></a>facedown_cards</STRONG> (Thumb, 78 bytes, Stack size 24 bytes, game_on.o(.text))
<BR><BR>[Stack]<UL><LI>Max Depth = 120<LI>Call Chain = facedown_cards &rArr; GLCD_Bitmap &rArr; GLCD_SetWindow &rArr; wr_reg &rArr; wr_dat
</UL>
<BR>[Calls]<UL><LI><a href="#[4f]">&gt;&gt;</a>&nbsp;&nbsp;&nbsp;GLCD_Bitmap
<LI><a href="#[48]">&gt;&gt;</a>&nbsp;&nbsp;&nbsp;GLCD_Clear
</UL>
<BR>[Called By]<UL><LI><a href="#[5d]">&gt;&gt;</a>&nbsp;&nbsp;&nbsp;create_level
</UL>

<P><STRONG><a name="[5d]"></a>create_level</STRONG> (Thumb, 320 bytes, Stack size 48 bytes, game_on.o(.text))
<BR><BR>[Stack]<UL><LI>Max Depth = 168<LI>Call Chain = create_level &rArr; facedown_cards &rArr; GLCD_Bitmap &rArr; GLCD_SetWindow &rArr; wr_reg &rArr; wr_dat
</UL>
<BR>[Calls]<UL><LI><a href="#[5e]">&gt;&gt;</a>&nbsp;&nbsp;&nbsp;rand
<LI><a href="#[5f]">&gt;&gt;</a>&nbsp;&nbsp;&nbsp;__aeabi_dsub
<LI><a href="#[60]">&gt;&gt;</a>&nbsp;&nbsp;&nbsp;__aeabi_cdrcmple
<LI><a href="#[5c]">&gt;&gt;</a>&nbsp;&nbsp;&nbsp;facedown_cards
<LI><a href="#[4f]">&gt;&gt;</a>&nbsp;&nbsp;&nbsp;GLCD_Bitmap
<LI><a href="#[48]">&gt;&gt;</a>&nbsp;&nbsp;&nbsp;GLCD_Clear
</UL>
<BR>[Called By]<UL><LI><a href="#[5a]">&gt;&gt;</a>&nbsp;&nbsp;&nbsp;game_on
</UL>

<P><STRONG><a name="[61]"></a>draw_line</STRONG> (Thumb, 48 bytes, Stack size 16 bytes, game_on.o(.text))
<BR><BR>[Stack]<UL><LI>Max Depth = 56<LI>Call Chain = draw_line &rArr; GLCD_PutPixel &rArr; wr_reg &rArr; wr_dat
</UL>
<BR>[Calls]<UL><LI><a href="#[57]">&gt;&gt;</a>&nbsp;&nbsp;&nbsp;GLCD_SetTextColor
<LI><a href="#[47]">&gt;&gt;</a>&nbsp;&nbsp;&nbsp;GLCD_PutPixel
</UL>
<BR>[Called By]<UL><LI><a href="#[63]">&gt;&gt;</a>&nbsp;&nbsp;&nbsp;start_game
</UL>

<P><STRONG><a name="[62]"></a>clear_line</STRONG> (Thumb, 48 bytes, Stack size 16 bytes, game_on.o(.text))
<BR><BR>[Stack]<UL><LI>Max Depth = 56<LI>Call Chain = clear_line &rArr; GLCD_PutPixel &rArr; wr_reg &rArr; wr_dat
</UL>
<BR>[Calls]<UL><LI><a href="#[57]">&gt;&gt;</a>&nbsp;&nbsp;&nbsp;GLCD_SetTextColor
<LI><a href="#[47]">&gt;&gt;</a>&nbsp;&nbsp;&nbsp;GLCD_PutPixel
</UL>
<BR>[Called By]<UL><LI><a href="#[63]">&gt;&gt;</a>&nbsp;&nbsp;&nbsp;start_game
</UL>

<P><STRONG><a name="[63]"></a>start_game</STRONG> (Thumb, 462 bytes, Stack size 96 bytes, game_on.o(.text))
<BR><BR>[Stack]<UL><LI>Max Depth = 256<LI>Call Chain = start_game &rArr; GLCD_DisplayString &rArr; GLCD_DisplayChar &rArr; GLCD_DrawChar &rArr; GLCD_SetWindow &rArr; wr_reg &rArr; wr_dat
</UL>
<BR>[Calls]<UL><LI><a href="#[62]">&gt;&gt;</a>&nbsp;&nbsp;&nbsp;clear_line
<LI><a href="#[61]">&gt;&gt;</a>&nbsp;&nbsp;&nbsp;draw_line
<LI><a href="#[38]">&gt;&gt;</a>&nbsp;&nbsp;&nbsp;get_button
<LI><a href="#[4f]">&gt;&gt;</a>&nbsp;&nbsp;&nbsp;GLCD_Bitmap
<LI><a href="#[4e]">&gt;&gt;</a>&nbsp;&nbsp;&nbsp;GLCD_DisplayString
<LI><a href="#[56]">&gt;&gt;</a>&nbsp;&nbsp;&nbsp;GLCD_SetBackColor
<LI><a href="#[57]">&gt;&gt;</a>&nbsp;&nbsp;&nbsp;GLCD_SetTextColor
<LI><a href="#[64]">&gt;&gt;</a>&nbsp;&nbsp;&nbsp;__2sprintf
</UL>
<BR>[Called By]<UL><LI><a href="#[5a]">&gt;&gt;</a>&nbsp;&nbsp;&nbsp;game_on
</UL>

<P><STRONG><a name="[5a]"></a>game_on</STRONG> (Thumb, 504 bytes, Stack size 32 bytes, game_on.o(.text))
<BR><BR>[Stack]<UL><LI>Max Depth = 288<LI>Call Chain = game_on &rArr; start_game &rArr; GLCD_DisplayString &rArr; GLCD_DisplayChar &rArr; GLCD_DrawChar &rArr; GLCD_SetWindow &rArr; wr_reg &rArr; wr_dat
</UL>
<BR>[Calls]<UL><LI><a href="#[63]">&gt;&gt;</a>&nbsp;&nbsp;&nbsp;start_game
<LI><a href="#[5d]">&gt;&gt;</a>&nbsp;&nbsp;&nbsp;create_level
<LI><a href="#[38]">&gt;&gt;</a>&nbsp;&nbsp;&nbsp;get_button
<LI><a href="#[4e]">&gt;&gt;</a>&nbsp;&nbsp;&nbsp;GLCD_DisplayString
<LI><a href="#[48]">&gt;&gt;</a>&nbsp;&nbsp;&nbsp;GLCD_Clear
<LI><a href="#[56]">&gt;&gt;</a>&nbsp;&nbsp;&nbsp;GLCD_SetBackColor
<LI><a href="#[57]">&gt;&gt;</a>&nbsp;&nbsp;&nbsp;GLCD_SetTextColor
</UL>
<BR>[Called By]<UL><LI><a href="#[2d]">&gt;&gt;</a>&nbsp;&nbsp;&nbsp;main
</UL>

<P><STRONG><a name="[65]"></a>food</STRONG> (Thumb, 104 bytes, Stack size 8 bytes, snake.o(.text))
<BR><BR>[Stack]<UL><LI>Max Depth = 144 + In Cycle
<LI>Call Chain = food &rArr;  food (Cycle)
</UL>
<BR>[Calls]<UL><LI><a href="#[5e]">&gt;&gt;</a>&nbsp;&nbsp;&nbsp;rand
<LI><a href="#[65]">&gt;&gt;</a>&nbsp;&nbsp;&nbsp;food
<LI><a href="#[4d]">&gt;&gt;</a>&nbsp;&nbsp;&nbsp;GLCD_DisplayChar
</UL>
<BR>[Called By]<UL><LI><a href="#[66]">&gt;&gt;</a>&nbsp;&nbsp;&nbsp;check
<LI><a href="#[65]">&gt;&gt;</a>&nbsp;&nbsp;&nbsp;food
<LI><a href="#[5b]">&gt;&gt;</a>&nbsp;&nbsp;&nbsp;snakegame
</UL>

<P><STRONG><a name="[59]"></a>delay</STRONG> (Thumb, 14 bytes, Stack size 0 bytes, snake.o(.text))
<BR><BR>[Called By]<UL><LI><a href="#[68]">&gt;&gt;</a>&nbsp;&nbsp;&nbsp;updatebody
<LI><a href="#[5b]">&gt;&gt;</a>&nbsp;&nbsp;&nbsp;snakegame
<LI><a href="#[2d]">&gt;&gt;</a>&nbsp;&nbsp;&nbsp;main
</UL>

<P><STRONG><a name="[6a]"></a>setbody</STRONG> (Thumb, 134 bytes, Stack size 0 bytes, snake.o(.text))
<BR><BR>[Called By]<UL><LI><a href="#[5b]">&gt;&gt;</a>&nbsp;&nbsp;&nbsp;snakegame
</UL>

<P><STRONG><a name="[67]"></a>addbody</STRONG> (Thumb, 46 bytes, Stack size 0 bytes, snake.o(.text))
<BR><BR>[Called By]<UL><LI><a href="#[66]">&gt;&gt;</a>&nbsp;&nbsp;&nbsp;check
</UL>

<P><STRONG><a name="[66]"></a>check</STRONG> (Thumb, 174 bytes, Stack size 8 bytes, snake.o(.text))
<BR><BR>[Stack]<UL><LI>Max Depth = 152<LI>Call Chain = check &rArr; food &rArr;  food (Cycle)
</UL>
<BR>[Calls]<UL><LI><a href="#[67]">&gt;&gt;</a>&nbsp;&nbsp;&nbsp;addbody
<LI><a href="#[65]">&gt;&gt;</a>&nbsp;&nbsp;&nbsp;food
</UL>
<BR>[Called By]<UL><LI><a href="#[69]">&gt;&gt;</a>&nbsp;&nbsp;&nbsp;direction
<LI><a href="#[68]">&gt;&gt;</a>&nbsp;&nbsp;&nbsp;updatebody
</UL>

<P><STRONG><a name="[68]"></a>updatebody</STRONG> (Thumb, 684 bytes, Stack size 8 bytes, snake.o(.text))
<BR><BR>[Stack]<UL><LI>Max Depth = 160<LI>Call Chain = updatebody &rArr; check &rArr; food &rArr;  food (Cycle)
</UL>
<BR>[Calls]<UL><LI><a href="#[66]">&gt;&gt;</a>&nbsp;&nbsp;&nbsp;check
<LI><a href="#[59]">&gt;&gt;</a>&nbsp;&nbsp;&nbsp;delay
<LI><a href="#[4d]">&gt;&gt;</a>&nbsp;&nbsp;&nbsp;GLCD_DisplayChar
</UL>
<BR>[Called By]<UL><LI><a href="#[69]">&gt;&gt;</a>&nbsp;&nbsp;&nbsp;direction
</UL>

<P><STRONG><a name="[69]"></a>direction</STRONG> (Thumb, 446 bytes, Stack size 8 bytes, snake.o(.text))
<BR><BR>[Stack]<UL><LI>Max Depth = 168<LI>Call Chain = direction &rArr; updatebody &rArr; check &rArr; food &rArr;  food (Cycle)
</UL>
<BR>[Calls]<UL><LI><a href="#[68]">&gt;&gt;</a>&nbsp;&nbsp;&nbsp;updatebody
<LI><a href="#[66]">&gt;&gt;</a>&nbsp;&nbsp;&nbsp;check
</UL>
<BR>[Called By]<UL><LI><a href="#[5b]">&gt;&gt;</a>&nbsp;&nbsp;&nbsp;snakegame
</UL>

<P><STRONG><a name="[6b]"></a>clearsnake</STRONG> (Thumb, 30 bytes, Stack size 0 bytes, snake.o(.text))
<BR><BR>[Called By]<UL><LI><a href="#[5b]">&gt;&gt;</a>&nbsp;&nbsp;&nbsp;snakegame
</UL>

<P><STRONG><a name="[5b]"></a>snakegame</STRONG> (Thumb, 982 bytes, Stack size 96 bytes, snake.o(.text))
<BR><BR>[Stack]<UL><LI>Max Depth = 264<LI>Call Chain = snakegame &rArr; direction &rArr; updatebody &rArr; check &rArr; food &rArr;  food (Cycle)
</UL>
<BR>[Calls]<UL><LI><a href="#[6b]">&gt;&gt;</a>&nbsp;&nbsp;&nbsp;clearsnake
<LI><a href="#[69]">&gt;&gt;</a>&nbsp;&nbsp;&nbsp;direction
<LI><a href="#[6a]">&gt;&gt;</a>&nbsp;&nbsp;&nbsp;setbody
<LI><a href="#[65]">&gt;&gt;</a>&nbsp;&nbsp;&nbsp;food
<LI><a href="#[38]">&gt;&gt;</a>&nbsp;&nbsp;&nbsp;get_button
<LI><a href="#[59]">&gt;&gt;</a>&nbsp;&nbsp;&nbsp;delay
<LI><a href="#[54]">&gt;&gt;</a>&nbsp;&nbsp;&nbsp;KBD_Init
<LI><a href="#[55]">&gt;&gt;</a>&nbsp;&nbsp;&nbsp;LED_Init
<LI><a href="#[4e]">&gt;&gt;</a>&nbsp;&nbsp;&nbsp;GLCD_DisplayString
<LI><a href="#[48]">&gt;&gt;</a>&nbsp;&nbsp;&nbsp;GLCD_Clear
<LI><a href="#[56]">&gt;&gt;</a>&nbsp;&nbsp;&nbsp;GLCD_SetBackColor
<LI><a href="#[57]">&gt;&gt;</a>&nbsp;&nbsp;&nbsp;GLCD_SetTextColor
<LI><a href="#[43]">&gt;&gt;</a>&nbsp;&nbsp;&nbsp;GLCD_Init
<LI><a href="#[64]">&gt;&gt;</a>&nbsp;&nbsp;&nbsp;__2sprintf
</UL>
<BR>[Called By]<UL><LI><a href="#[2d]">&gt;&gt;</a>&nbsp;&nbsp;&nbsp;main
</UL>

<P><STRONG><a name="[6c]"></a>USB_Reset_Event</STRONG> (Thumb, 8 bytes, Stack size 8 bytes, usbuser.o(.text))
<BR><BR>[Stack]<UL><LI>Max Depth = 8<LI>Call Chain = USB_Reset_Event
</UL>
<BR>[Calls]<UL><LI><a href="#[6d]">&gt;&gt;</a>&nbsp;&nbsp;&nbsp;USB_ResetCore
</UL>
<BR>[Called By]<UL><LI><a href="#[22]">&gt;&gt;</a>&nbsp;&nbsp;&nbsp;USB_IRQHandler
</UL>

<P><STRONG><a name="[9e]"></a>USB_SOF_Event</STRONG> (Thumb, 2 bytes, Stack size 0 bytes, usbuser.o(.text))
<BR><BR>[Called By]<UL><LI><a href="#[22]">&gt;&gt;</a>&nbsp;&nbsp;&nbsp;USB_IRQHandler
</UL>

<P><STRONG><a name="[b5]"></a>USB_EndPoint1</STRONG> (Thumb, 2 bytes, Stack size 0 bytes, usbuser.o(.text), UNUSED)

<P><STRONG><a name="[b6]"></a>USB_EndPoint2</STRONG> (Thumb, 2 bytes, Stack size 0 bytes, usbuser.o(.text), UNUSED)

<P><STRONG><a name="[32]"></a>USB_EndPoint3</STRONG> (Thumb, 164 bytes, Stack size 24 bytes, usbuser.o(.text))
<BR><BR>[Stack]<UL><LI>Max Depth = 52<LI>Call Chain = USB_EndPoint3 &rArr; USB_DMA_Setup
</UL>
<BR>[Calls]<UL><LI><a href="#[6f]">&gt;&gt;</a>&nbsp;&nbsp;&nbsp;USB_DMA_Setup
<LI><a href="#[70]">&gt;&gt;</a>&nbsp;&nbsp;&nbsp;USB_DMA_Enable
<LI><a href="#[6e]">&gt;&gt;</a>&nbsp;&nbsp;&nbsp;USB_DMA_BufAdr
</UL>
<BR>[Address Reference Count : 1]<UL><LI> usbuser.o(.constdata)
</UL>
<P><STRONG><a name="[b7]"></a>USB_EndPoint4</STRONG> (Thumb, 2 bytes, Stack size 0 bytes, usbuser.o(.text), UNUSED)

<P><STRONG><a name="[b8]"></a>USB_EndPoint5</STRONG> (Thumb, 2 bytes, Stack size 0 bytes, usbuser.o(.text), UNUSED)

<P><STRONG><a name="[b9]"></a>USB_EndPoint6</STRONG> (Thumb, 2 bytes, Stack size 0 bytes, usbuser.o(.text), UNUSED)

<P><STRONG><a name="[ba]"></a>USB_EndPoint7</STRONG> (Thumb, 2 bytes, Stack size 0 bytes, usbuser.o(.text), UNUSED)

<P><STRONG><a name="[bb]"></a>USB_EndPoint8</STRONG> (Thumb, 2 bytes, Stack size 0 bytes, usbuser.o(.text), UNUSED)

<P><STRONG><a name="[bc]"></a>USB_EndPoint9</STRONG> (Thumb, 2 bytes, Stack size 0 bytes, usbuser.o(.text), UNUSED)

<P><STRONG><a name="[bd]"></a>USB_EndPoint10</STRONG> (Thumb, 2 bytes, Stack size 0 bytes, usbuser.o(.text), UNUSED)

<P><STRONG><a name="[be]"></a>USB_EndPoint11</STRONG> (Thumb, 2 bytes, Stack size 0 bytes, usbuser.o(.text), UNUSED)

<P><STRONG><a name="[bf]"></a>USB_EndPoint12</STRONG> (Thumb, 2 bytes, Stack size 0 bytes, usbuser.o(.text), UNUSED)

<P><STRONG><a name="[c0]"></a>USB_EndPoint13</STRONG> (Thumb, 2 bytes, Stack size 0 bytes, usbuser.o(.text), UNUSED)

<P><STRONG><a name="[c1]"></a>USB_EndPoint14</STRONG> (Thumb, 2 bytes, Stack size 0 bytes, usbuser.o(.text), UNUSED)

<P><STRONG><a name="[c2]"></a>USB_EndPoint15</STRONG> (Thumb, 2 bytes, Stack size 0 bytes, usbuser.o(.text), UNUSED)

<P><STRONG><a name="[7f]"></a>ADC_IF_GetRequest</STRONG> (Thumb, 128 bytes, Stack size 0 bytes, adcuser.o(.text))
<BR><BR>[Called By]<UL><LI><a href="#[31]">&gt;&gt;</a>&nbsp;&nbsp;&nbsp;USB_EndPoint0
</UL>

<P><STRONG><a name="[81]"></a>ADC_IF_SetRequest</STRONG> (Thumb, 80 bytes, Stack size 0 bytes, adcuser.o(.text))
<BR><BR>[Called By]<UL><LI><a href="#[31]">&gt;&gt;</a>&nbsp;&nbsp;&nbsp;USB_EndPoint0
</UL>

<P><STRONG><a name="[80]"></a>ADC_EP_GetRequest</STRONG> (Thumb, 4 bytes, Stack size 0 bytes, adcuser.o(.text))
<BR><BR>[Called By]<UL><LI><a href="#[31]">&gt;&gt;</a>&nbsp;&nbsp;&nbsp;USB_EndPoint0
</UL>

<P><STRONG><a name="[82]"></a>ADC_EP_SetRequest</STRONG> (Thumb, 4 bytes, Stack size 0 bytes, adcuser.o(.text))
<BR><BR>[Called By]<UL><LI><a href="#[31]">&gt;&gt;</a>&nbsp;&nbsp;&nbsp;USB_EndPoint0
</UL>

<P><STRONG><a name="[6d]"></a>USB_ResetCore</STRONG> (Thumb, 34 bytes, Stack size 0 bytes, usbcore.o(.text))
<BR><BR>[Called By]<UL><LI><a href="#[6c]">&gt;&gt;</a>&nbsp;&nbsp;&nbsp;USB_Reset_Event
</UL>

<P><STRONG><a name="[71]"></a>USB_SetupStage</STRONG> (Thumb, 12 bytes, Stack size 8 bytes, usbcore.o(.text))
<BR><BR>[Stack]<UL><LI>Max Depth = 36<LI>Call Chain = USB_SetupStage &rArr; USB_ReadEP &rArr; WrCmdEP
</UL>
<BR>[Calls]<UL><LI><a href="#[72]">&gt;&gt;</a>&nbsp;&nbsp;&nbsp;USB_ReadEP
</UL>
<BR>[Called By]<UL><LI><a href="#[31]">&gt;&gt;</a>&nbsp;&nbsp;&nbsp;USB_EndPoint0
</UL>

<P><STRONG><a name="[73]"></a>USB_DataInStage</STRONG> (Thumb, 52 bytes, Stack size 8 bytes, usbcore.o(.text))
<BR><BR>[Stack]<UL><LI>Max Depth = 36<LI>Call Chain = USB_DataInStage &rArr; USB_WriteEP &rArr; WrCmdEP
</UL>
<BR>[Calls]<UL><LI><a href="#[74]">&gt;&gt;</a>&nbsp;&nbsp;&nbsp;USB_WriteEP
</UL>
<BR>[Called By]<UL><LI><a href="#[31]">&gt;&gt;</a>&nbsp;&nbsp;&nbsp;USB_EndPoint0
</UL>

<P><STRONG><a name="[75]"></a>USB_DataOutStage</STRONG> (Thumb, 34 bytes, Stack size 8 bytes, usbcore.o(.text))
<BR><BR>[Stack]<UL><LI>Max Depth = 36<LI>Call Chain = USB_DataOutStage &rArr; USB_ReadEP &rArr; WrCmdEP
</UL>
<BR>[Calls]<UL><LI><a href="#[72]">&gt;&gt;</a>&nbsp;&nbsp;&nbsp;USB_ReadEP
</UL>
<BR>[Called By]<UL><LI><a href="#[31]">&gt;&gt;</a>&nbsp;&nbsp;&nbsp;USB_EndPoint0
</UL>

<P><STRONG><a name="[76]"></a>USB_StatusInStage</STRONG> (Thumb, 14 bytes, Stack size 8 bytes, usbcore.o(.text))
<BR><BR>[Stack]<UL><LI>Max Depth = 36<LI>Call Chain = USB_StatusInStage &rArr; USB_WriteEP &rArr; WrCmdEP
</UL>
<BR>[Calls]<UL><LI><a href="#[74]">&gt;&gt;</a>&nbsp;&nbsp;&nbsp;USB_WriteEP
</UL>
<BR>[Called By]<UL><LI><a href="#[31]">&gt;&gt;</a>&nbsp;&nbsp;&nbsp;USB_EndPoint0
</UL>

<P><STRONG><a name="[77]"></a>USB_StatusOutStage</STRONG> (Thumb, 12 bytes, Stack size 8 bytes, usbcore.o(.text))
<BR><BR>[Stack]<UL><LI>Max Depth = 36<LI>Call Chain = USB_StatusOutStage &rArr; USB_ReadEP &rArr; WrCmdEP
</UL>
<BR>[Calls]<UL><LI><a href="#[72]">&gt;&gt;</a>&nbsp;&nbsp;&nbsp;USB_ReadEP
</UL>
<BR>[Called By]<UL><LI><a href="#[31]">&gt;&gt;</a>&nbsp;&nbsp;&nbsp;USB_EndPoint0
</UL>

<P><STRONG><a name="[31]"></a>USB_EndPoint0</STRONG> (Thumb, 784 bytes, Stack size 8 bytes, usbcore.o(.text))
<BR><BR>[Stack]<UL><LI>Max Depth = 60<LI>Call Chain = USB_EndPoint0 &rArr; USB_ReqSetInterface &rArr; USB_ResetEP
</UL>
<BR>[Calls]<UL><LI><a href="#[7c]">&gt;&gt;</a>&nbsp;&nbsp;&nbsp;USB_SetStallEP
<LI><a href="#[83]">&gt;&gt;</a>&nbsp;&nbsp;&nbsp;USB_SetAddress
<LI><a href="#[78]">&gt;&gt;</a>&nbsp;&nbsp;&nbsp;USB_DirCtrlEP
<LI><a href="#[84]">&gt;&gt;</a>&nbsp;&nbsp;&nbsp;USB_ClrStallEP
<LI><a href="#[7e]">&gt;&gt;</a>&nbsp;&nbsp;&nbsp;USB_ReqSetInterface
<LI><a href="#[7d]">&gt;&gt;</a>&nbsp;&nbsp;&nbsp;USB_ReqSetConfiguration
<LI><a href="#[7a]">&gt;&gt;</a>&nbsp;&nbsp;&nbsp;USB_ReqSetClrFeature
<LI><a href="#[79]">&gt;&gt;</a>&nbsp;&nbsp;&nbsp;USB_ReqGetStatus
<LI><a href="#[7b]">&gt;&gt;</a>&nbsp;&nbsp;&nbsp;USB_ReqGetDescriptor
<LI><a href="#[77]">&gt;&gt;</a>&nbsp;&nbsp;&nbsp;USB_StatusOutStage
<LI><a href="#[76]">&gt;&gt;</a>&nbsp;&nbsp;&nbsp;USB_StatusInStage
<LI><a href="#[75]">&gt;&gt;</a>&nbsp;&nbsp;&nbsp;USB_DataOutStage
<LI><a href="#[73]">&gt;&gt;</a>&nbsp;&nbsp;&nbsp;USB_DataInStage
<LI><a href="#[71]">&gt;&gt;</a>&nbsp;&nbsp;&nbsp;USB_SetupStage
<LI><a href="#[82]">&gt;&gt;</a>&nbsp;&nbsp;&nbsp;ADC_EP_SetRequest
<LI><a href="#[80]">&gt;&gt;</a>&nbsp;&nbsp;&nbsp;ADC_EP_GetRequest
<LI><a href="#[81]">&gt;&gt;</a>&nbsp;&nbsp;&nbsp;ADC_IF_SetRequest
<LI><a href="#[7f]">&gt;&gt;</a>&nbsp;&nbsp;&nbsp;ADC_IF_GetRequest
</UL>
<BR>[Address Reference Count : 1]<UL><LI> usbuser.o(.constdata)
</UL>
<P><STRONG><a name="[88]"></a>get_potval</STRONG> (Thumb, 54 bytes, Stack size 0 bytes, usbdmain.o(.text))
<BR><BR>[Called By]<UL><LI><a href="#[b]">&gt;&gt;</a>&nbsp;&nbsp;&nbsp;TIMER0_IRQHandler
</UL>

<P><STRONG><a name="[b]"></a>TIMER0_IRQHandler</STRONG> (Thumb, 304 bytes, Stack size 16 bytes, usbdmain.o(.text))
<BR><BR>[Stack]<UL><LI>Max Depth = 24<LI>Call Chain = TIMER0_IRQHandler &rArr; USB_Connect
</UL>
<BR>[Calls]<UL><LI><a href="#[87]">&gt;&gt;</a>&nbsp;&nbsp;&nbsp;USB_Reset
<LI><a href="#[86]">&gt;&gt;</a>&nbsp;&nbsp;&nbsp;USB_Connect
<LI><a href="#[88]">&gt;&gt;</a>&nbsp;&nbsp;&nbsp;get_potval
<LI><a href="#[85]">&gt;&gt;</a>&nbsp;&nbsp;&nbsp;NVIC_DisableIRQ
<LI><a href="#[83]">&gt;&gt;</a>&nbsp;&nbsp;&nbsp;USB_SetAddress
<LI><a href="#[38]">&gt;&gt;</a>&nbsp;&nbsp;&nbsp;get_button
</UL>
<BR>[Address Reference Count : 1]<UL><LI> startup_lpc17xx.o(RESET)
</UL>
<P><STRONG><a name="[58]"></a>audio_main</STRONG> (Thumb, 612 bytes, Stack size 16 bytes, usbdmain.o(.text))
<BR><BR>[Stack]<UL><LI>Max Depth = 176<LI>Call Chain = audio_main &rArr; GLCD_DisplayString &rArr; GLCD_DisplayChar &rArr; GLCD_DrawChar &rArr; GLCD_SetWindow &rArr; wr_reg &rArr; wr_dat
</UL>
<BR>[Calls]<UL><LI><a href="#[87]">&gt;&gt;</a>&nbsp;&nbsp;&nbsp;USB_Reset
<LI><a href="#[8b]">&gt;&gt;</a>&nbsp;&nbsp;&nbsp;USB_Init
<LI><a href="#[86]">&gt;&gt;</a>&nbsp;&nbsp;&nbsp;USB_Connect
<LI><a href="#[8a]">&gt;&gt;</a>&nbsp;&nbsp;&nbsp;NVIC_EnableIRQ
<LI><a href="#[83]">&gt;&gt;</a>&nbsp;&nbsp;&nbsp;USB_SetAddress
<LI><a href="#[4e]">&gt;&gt;</a>&nbsp;&nbsp;&nbsp;GLCD_DisplayString
<LI><a href="#[48]">&gt;&gt;</a>&nbsp;&nbsp;&nbsp;GLCD_Clear
<LI><a href="#[56]">&gt;&gt;</a>&nbsp;&nbsp;&nbsp;GLCD_SetBackColor
<LI><a href="#[57]">&gt;&gt;</a>&nbsp;&nbsp;&nbsp;GLCD_SetTextColor
<LI><a href="#[47]">&gt;&gt;</a>&nbsp;&nbsp;&nbsp;GLCD_PutPixel
<LI><a href="#[43]">&gt;&gt;</a>&nbsp;&nbsp;&nbsp;GLCD_Init
<LI><a href="#[89]">&gt;&gt;</a>&nbsp;&nbsp;&nbsp;SystemClockUpdate
</UL>
<BR>[Called By]<UL><LI><a href="#[2d]">&gt;&gt;</a>&nbsp;&nbsp;&nbsp;main
</UL>

<P><STRONG><a name="[8d]"></a>EPAdr</STRONG> (Thumb, 16 bytes, Stack size 0 bytes, usbhw.o(.text))
<BR><BR>[Called By]<UL><LI><a href="#[98]">&gt;&gt;</a>&nbsp;&nbsp;&nbsp;USB_DMA_BufCnt
<LI><a href="#[97]">&gt;&gt;</a>&nbsp;&nbsp;&nbsp;USB_DMA_Status
<LI><a href="#[96]">&gt;&gt;</a>&nbsp;&nbsp;&nbsp;USB_DMA_Disable
<LI><a href="#[8c]">&gt;&gt;</a>&nbsp;&nbsp;&nbsp;WrCmdEP
<LI><a href="#[7c]">&gt;&gt;</a>&nbsp;&nbsp;&nbsp;USB_SetStallEP
<LI><a href="#[94]">&gt;&gt;</a>&nbsp;&nbsp;&nbsp;USB_ResetEP
<LI><a href="#[92]">&gt;&gt;</a>&nbsp;&nbsp;&nbsp;USB_EnableEP
<LI><a href="#[93]">&gt;&gt;</a>&nbsp;&nbsp;&nbsp;USB_DisableEP
<LI><a href="#[91]">&gt;&gt;</a>&nbsp;&nbsp;&nbsp;USB_ConfigEP
<LI><a href="#[84]">&gt;&gt;</a>&nbsp;&nbsp;&nbsp;USB_ClrStallEP
<LI><a href="#[6f]">&gt;&gt;</a>&nbsp;&nbsp;&nbsp;USB_DMA_Setup
<LI><a href="#[70]">&gt;&gt;</a>&nbsp;&nbsp;&nbsp;USB_DMA_Enable
<LI><a href="#[6e]">&gt;&gt;</a>&nbsp;&nbsp;&nbsp;USB_DMA_BufAdr
</UL>

<P><STRONG><a name="[9a]"></a>WrCmd</STRONG> (Thumb, 26 bytes, Stack size 0 bytes, usbhw.o(.text))
<BR><BR>[Called By]<UL><LI><a href="#[22]">&gt;&gt;</a>&nbsp;&nbsp;&nbsp;USB_IRQHandler
<LI><a href="#[99]">&gt;&gt;</a>&nbsp;&nbsp;&nbsp;USB_GetFrame
</UL>

<P><STRONG><a name="[8e]"></a>WrCmdDat</STRONG> (Thumb, 50 bytes, Stack size 0 bytes, usbhw.o(.text))
<BR><BR>[Called By]<UL><LI><a href="#[8f]">&gt;&gt;</a>&nbsp;&nbsp;&nbsp;USB_WakeUp
<LI><a href="#[86]">&gt;&gt;</a>&nbsp;&nbsp;&nbsp;USB_Connect
<LI><a href="#[7c]">&gt;&gt;</a>&nbsp;&nbsp;&nbsp;USB_SetStallEP
<LI><a href="#[83]">&gt;&gt;</a>&nbsp;&nbsp;&nbsp;USB_SetAddress
<LI><a href="#[94]">&gt;&gt;</a>&nbsp;&nbsp;&nbsp;USB_ResetEP
<LI><a href="#[92]">&gt;&gt;</a>&nbsp;&nbsp;&nbsp;USB_EnableEP
<LI><a href="#[93]">&gt;&gt;</a>&nbsp;&nbsp;&nbsp;USB_DisableEP
<LI><a href="#[90]">&gt;&gt;</a>&nbsp;&nbsp;&nbsp;USB_Configure
<LI><a href="#[84]">&gt;&gt;</a>&nbsp;&nbsp;&nbsp;USB_ClrStallEP
</UL>

<P><STRONG><a name="[8c]"></a>WrCmdEP</STRONG> (Thumb, 70 bytes, Stack size 8 bytes, usbhw.o(.text))
<BR><BR>[Stack]<UL><LI>Max Depth = 8<LI>Call Chain = WrCmdEP
</UL>
<BR>[Calls]<UL><LI><a href="#[8d]">&gt;&gt;</a>&nbsp;&nbsp;&nbsp;EPAdr
</UL>
<BR>[Called By]<UL><LI><a href="#[95]">&gt;&gt;</a>&nbsp;&nbsp;&nbsp;USB_ClearEPBuf
<LI><a href="#[74]">&gt;&gt;</a>&nbsp;&nbsp;&nbsp;USB_WriteEP
<LI><a href="#[72]">&gt;&gt;</a>&nbsp;&nbsp;&nbsp;USB_ReadEP
</UL>

<P><STRONG><a name="[9b]"></a>RdCmdDat</STRONG> (Thumb, 32 bytes, Stack size 0 bytes, usbhw.o(.text))
<BR><BR>[Called By]<UL><LI><a href="#[22]">&gt;&gt;</a>&nbsp;&nbsp;&nbsp;USB_IRQHandler
<LI><a href="#[99]">&gt;&gt;</a>&nbsp;&nbsp;&nbsp;USB_GetFrame
</UL>

<P><STRONG><a name="[83]"></a>USB_SetAddress</STRONG> (Thumb, 42 bytes, Stack size 8 bytes, usbhw.o(.text))
<BR><BR>[Stack]<UL><LI>Max Depth = 8<LI>Call Chain = USB_SetAddress
</UL>
<BR>[Calls]<UL><LI><a href="#[8e]">&gt;&gt;</a>&nbsp;&nbsp;&nbsp;WrCmdDat
</UL>
<BR>[Called By]<UL><LI><a href="#[8b]">&gt;&gt;</a>&nbsp;&nbsp;&nbsp;USB_Init
<LI><a href="#[b]">&gt;&gt;</a>&nbsp;&nbsp;&nbsp;TIMER0_IRQHandler
<LI><a href="#[31]">&gt;&gt;</a>&nbsp;&nbsp;&nbsp;USB_EndPoint0
<LI><a href="#[58]">&gt;&gt;</a>&nbsp;&nbsp;&nbsp;audio_main
</UL>

<P><STRONG><a name="[87]"></a>USB_Reset</STRONG> (Thumb, 170 bytes, Stack size 0 bytes, usbhw.o(.text))
<BR><BR>[Called By]<UL><LI><a href="#[22]">&gt;&gt;</a>&nbsp;&nbsp;&nbsp;USB_IRQHandler
<LI><a href="#[8b]">&gt;&gt;</a>&nbsp;&nbsp;&nbsp;USB_Init
<LI><a href="#[b]">&gt;&gt;</a>&nbsp;&nbsp;&nbsp;TIMER0_IRQHandler
<LI><a href="#[58]">&gt;&gt;</a>&nbsp;&nbsp;&nbsp;audio_main
</UL>

<P><STRONG><a name="[8b]"></a>USB_Init</STRONG> (Thumb, 138 bytes, Stack size 4 bytes, usbhw.o(.text))
<BR><BR>[Stack]<UL><LI>Max Depth = 12<LI>Call Chain = USB_Init &rArr; USB_SetAddress
</UL>
<BR>[Calls]<UL><LI><a href="#[87]">&gt;&gt;</a>&nbsp;&nbsp;&nbsp;USB_Reset
<LI><a href="#[83]">&gt;&gt;</a>&nbsp;&nbsp;&nbsp;USB_SetAddress
</UL>
<BR>[Called By]<UL><LI><a href="#[58]">&gt;&gt;</a>&nbsp;&nbsp;&nbsp;audio_main
</UL>

<P><STRONG><a name="[86]"></a>USB_Connect</STRONG> (Thumb, 28 bytes, Stack size 8 bytes, usbhw.o(.text))
<BR><BR>[Stack]<UL><LI>Max Depth = 8<LI>Call Chain = USB_Connect
</UL>
<BR>[Calls]<UL><LI><a href="#[8e]">&gt;&gt;</a>&nbsp;&nbsp;&nbsp;WrCmdDat
</UL>
<BR>[Called By]<UL><LI><a href="#[b]">&gt;&gt;</a>&nbsp;&nbsp;&nbsp;TIMER0_IRQHandler
<LI><a href="#[58]">&gt;&gt;</a>&nbsp;&nbsp;&nbsp;audio_main
</UL>

<P><STRONG><a name="[9c]"></a>USB_Suspend</STRONG> (Thumb, 2 bytes, Stack size 0 bytes, usbhw.o(.text))
<BR><BR>[Called By]<UL><LI><a href="#[22]">&gt;&gt;</a>&nbsp;&nbsp;&nbsp;USB_IRQHandler
</UL>

<P><STRONG><a name="[9d]"></a>USB_Resume</STRONG> (Thumb, 2 bytes, Stack size 0 bytes, usbhw.o(.text))
<BR><BR>[Called By]<UL><LI><a href="#[22]">&gt;&gt;</a>&nbsp;&nbsp;&nbsp;USB_IRQHandler
</UL>

<P><STRONG><a name="[8f]"></a>USB_WakeUp</STRONG> (Thumb, 22 bytes, Stack size 4 bytes, usbhw.o(.text), UNUSED)
<BR><BR>[Calls]<UL><LI><a href="#[8e]">&gt;&gt;</a>&nbsp;&nbsp;&nbsp;WrCmdDat
</UL>

<P><STRONG><a name="[a7]"></a>USB_WakeUpCfg</STRONG> (Thumb, 2 bytes, Stack size 0 bytes, usbhw.o(.text))
<BR><BR>[Called By]<UL><LI><a href="#[7a]">&gt;&gt;</a>&nbsp;&nbsp;&nbsp;USB_ReqSetClrFeature
</UL>

<P><STRONG><a name="[90]"></a>USB_Configure</STRONG> (Thumb, 54 bytes, Stack size 8 bytes, usbhw.o(.text))
<BR><BR>[Stack]<UL><LI>Max Depth = 8<LI>Call Chain = USB_Configure
</UL>
<BR>[Calls]<UL><LI><a href="#[8e]">&gt;&gt;</a>&nbsp;&nbsp;&nbsp;WrCmdDat
</UL>
<BR>[Called By]<UL><LI><a href="#[7d]">&gt;&gt;</a>&nbsp;&nbsp;&nbsp;USB_ReqSetConfiguration
</UL>

<P><STRONG><a name="[91]"></a>USB_ConfigEP</STRONG> (Thumb, 66 bytes, Stack size 8 bytes, usbhw.o(.text))
<BR><BR>[Stack]<UL><LI>Max Depth = 8<LI>Call Chain = USB_ConfigEP
</UL>
<BR>[Calls]<UL><LI><a href="#[8d]">&gt;&gt;</a>&nbsp;&nbsp;&nbsp;EPAdr
</UL>
<BR>[Called By]<UL><LI><a href="#[7e]">&gt;&gt;</a>&nbsp;&nbsp;&nbsp;USB_ReqSetInterface
<LI><a href="#[7d]">&gt;&gt;</a>&nbsp;&nbsp;&nbsp;USB_ReqSetConfiguration
</UL>

<P><STRONG><a name="[78]"></a>USB_DirCtrlEP</STRONG> (Thumb, 2 bytes, Stack size 0 bytes, usbhw.o(.text))
<BR><BR>[Called By]<UL><LI><a href="#[31]">&gt;&gt;</a>&nbsp;&nbsp;&nbsp;USB_EndPoint0
</UL>

<P><STRONG><a name="[92]"></a>USB_EnableEP</STRONG> (Thumb, 26 bytes, Stack size 12 bytes, usbhw.o(.text))
<BR><BR>[Stack]<UL><LI>Max Depth = 12<LI>Call Chain = USB_EnableEP
</UL>
<BR>[Calls]<UL><LI><a href="#[8e]">&gt;&gt;</a>&nbsp;&nbsp;&nbsp;WrCmdDat
<LI><a href="#[8d]">&gt;&gt;</a>&nbsp;&nbsp;&nbsp;EPAdr
</UL>
<BR>[Called By]<UL><LI><a href="#[7e]">&gt;&gt;</a>&nbsp;&nbsp;&nbsp;USB_ReqSetInterface
<LI><a href="#[7d]">&gt;&gt;</a>&nbsp;&nbsp;&nbsp;USB_ReqSetConfiguration
</UL>

<P><STRONG><a name="[93]"></a>USB_DisableEP</STRONG> (Thumb, 26 bytes, Stack size 12 bytes, usbhw.o(.text))
<BR><BR>[Stack]<UL><LI>Max Depth = 12<LI>Call Chain = USB_DisableEP
</UL>
<BR>[Calls]<UL><LI><a href="#[8e]">&gt;&gt;</a>&nbsp;&nbsp;&nbsp;WrCmdDat
<LI><a href="#[8d]">&gt;&gt;</a>&nbsp;&nbsp;&nbsp;EPAdr
</UL>
<BR>[Called By]<UL><LI><a href="#[7e]">&gt;&gt;</a>&nbsp;&nbsp;&nbsp;USB_ReqSetInterface
<LI><a href="#[7d]">&gt;&gt;</a>&nbsp;&nbsp;&nbsp;USB_ReqSetConfiguration
</UL>

<P><STRONG><a name="[94]"></a>USB_ResetEP</STRONG> (Thumb, 26 bytes, Stack size 12 bytes, usbhw.o(.text))
<BR><BR>[Stack]<UL><LI>Max Depth = 12<LI>Call Chain = USB_ResetEP
</UL>
<BR>[Calls]<UL><LI><a href="#[8e]">&gt;&gt;</a>&nbsp;&nbsp;&nbsp;WrCmdDat
<LI><a href="#[8d]">&gt;&gt;</a>&nbsp;&nbsp;&nbsp;EPAdr
</UL>
<BR>[Called By]<UL><LI><a href="#[7e]">&gt;&gt;</a>&nbsp;&nbsp;&nbsp;USB_ReqSetInterface
<LI><a href="#[7d]">&gt;&gt;</a>&nbsp;&nbsp;&nbsp;USB_ReqSetConfiguration
</UL>

<P><STRONG><a name="[7c]"></a>USB_SetStallEP</STRONG> (Thumb, 26 bytes, Stack size 12 bytes, usbhw.o(.text))
<BR><BR>[Stack]<UL><LI>Max Depth = 12<LI>Call Chain = USB_SetStallEP
</UL>
<BR>[Calls]<UL><LI><a href="#[8e]">&gt;&gt;</a>&nbsp;&nbsp;&nbsp;WrCmdDat
<LI><a href="#[8d]">&gt;&gt;</a>&nbsp;&nbsp;&nbsp;EPAdr
</UL>
<BR>[Called By]<UL><LI><a href="#[7a]">&gt;&gt;</a>&nbsp;&nbsp;&nbsp;USB_ReqSetClrFeature
<LI><a href="#[31]">&gt;&gt;</a>&nbsp;&nbsp;&nbsp;USB_EndPoint0
</UL>

<P><STRONG><a name="[84]"></a>USB_ClrStallEP</STRONG> (Thumb, 26 bytes, Stack size 12 bytes, usbhw.o(.text))
<BR><BR>[Stack]<UL><LI>Max Depth = 12<LI>Call Chain = USB_ClrStallEP
</UL>
<BR>[Calls]<UL><LI><a href="#[8e]">&gt;&gt;</a>&nbsp;&nbsp;&nbsp;WrCmdDat
<LI><a href="#[8d]">&gt;&gt;</a>&nbsp;&nbsp;&nbsp;EPAdr
</UL>
<BR>[Called By]<UL><LI><a href="#[7a]">&gt;&gt;</a>&nbsp;&nbsp;&nbsp;USB_ReqSetClrFeature
<LI><a href="#[31]">&gt;&gt;</a>&nbsp;&nbsp;&nbsp;USB_EndPoint0
</UL>

<P><STRONG><a name="[95]"></a>USB_ClearEPBuf</STRONG> (Thumb, 14 bytes, Stack size 8 bytes, usbhw.o(.text), UNUSED)
<BR><BR>[Calls]<UL><LI><a href="#[8c]">&gt;&gt;</a>&nbsp;&nbsp;&nbsp;WrCmdEP
</UL>

<P><STRONG><a name="[72]"></a>USB_ReadEP</STRONG> (Thumb, 92 bytes, Stack size 20 bytes, usbhw.o(.text))
<BR><BR>[Stack]<UL><LI>Max Depth = 28<LI>Call Chain = USB_ReadEP &rArr; WrCmdEP
</UL>
<BR>[Calls]<UL><LI><a href="#[8c]">&gt;&gt;</a>&nbsp;&nbsp;&nbsp;WrCmdEP
</UL>
<BR>[Called By]<UL><LI><a href="#[77]">&gt;&gt;</a>&nbsp;&nbsp;&nbsp;USB_StatusOutStage
<LI><a href="#[75]">&gt;&gt;</a>&nbsp;&nbsp;&nbsp;USB_DataOutStage
<LI><a href="#[71]">&gt;&gt;</a>&nbsp;&nbsp;&nbsp;USB_SetupStage
</UL>

<P><STRONG><a name="[74]"></a>USB_WriteEP</STRONG> (Thumb, 226 bytes, Stack size 20 bytes, usbhw.o(.text))
<BR><BR>[Stack]<UL><LI>Max Depth = 28<LI>Call Chain = USB_WriteEP &rArr; WrCmdEP
</UL>
<BR>[Calls]<UL><LI><a href="#[8c]">&gt;&gt;</a>&nbsp;&nbsp;&nbsp;WrCmdEP
</UL>
<BR>[Called By]<UL><LI><a href="#[76]">&gt;&gt;</a>&nbsp;&nbsp;&nbsp;USB_StatusInStage
<LI><a href="#[73]">&gt;&gt;</a>&nbsp;&nbsp;&nbsp;USB_DataInStage
</UL>

<P><STRONG><a name="[6f]"></a>USB_DMA_Setup</STRONG> (Thumb, 248 bytes, Stack size 28 bytes, usbhw.o(.text))
<BR><BR>[Stack]<UL><LI>Max Depth = 28<LI>Call Chain = USB_DMA_Setup
</UL>
<BR>[Calls]<UL><LI><a href="#[8d]">&gt;&gt;</a>&nbsp;&nbsp;&nbsp;EPAdr
</UL>
<BR>[Called By]<UL><LI><a href="#[32]">&gt;&gt;</a>&nbsp;&nbsp;&nbsp;USB_EndPoint3
</UL>

<P><STRONG><a name="[70]"></a>USB_DMA_Enable</STRONG> (Thumb, 20 bytes, Stack size 4 bytes, usbhw.o(.text))
<BR><BR>[Stack]<UL><LI>Max Depth = 4<LI>Call Chain = USB_DMA_Enable
</UL>
<BR>[Calls]<UL><LI><a href="#[8d]">&gt;&gt;</a>&nbsp;&nbsp;&nbsp;EPAdr
</UL>
<BR>[Called By]<UL><LI><a href="#[32]">&gt;&gt;</a>&nbsp;&nbsp;&nbsp;USB_EndPoint3
</UL>

<P><STRONG><a name="[96]"></a>USB_DMA_Disable</STRONG> (Thumb, 20 bytes, Stack size 4 bytes, usbhw.o(.text), UNUSED)
<BR><BR>[Calls]<UL><LI><a href="#[8d]">&gt;&gt;</a>&nbsp;&nbsp;&nbsp;EPAdr
</UL>

<P><STRONG><a name="[97]"></a>USB_DMA_Status</STRONG> (Thumb, 76 bytes, Stack size 16 bytes, usbhw.o(.text), UNUSED)
<BR><BR>[Calls]<UL><LI><a href="#[8d]">&gt;&gt;</a>&nbsp;&nbsp;&nbsp;EPAdr
</UL>

<P><STRONG><a name="[6e]"></a>USB_DMA_BufAdr</STRONG> (Thumb, 30 bytes, Stack size 12 bytes, usbhw.o(.text))
<BR><BR>[Stack]<UL><LI>Max Depth = 12<LI>Call Chain = USB_DMA_BufAdr
</UL>
<BR>[Calls]<UL><LI><a href="#[8d]">&gt;&gt;</a>&nbsp;&nbsp;&nbsp;EPAdr
</UL>
<BR>[Called By]<UL><LI><a href="#[32]">&gt;&gt;</a>&nbsp;&nbsp;&nbsp;USB_EndPoint3
</UL>

<P><STRONG><a name="[98]"></a>USB_DMA_BufCnt</STRONG> (Thumb, 30 bytes, Stack size 12 bytes, usbhw.o(.text), UNUSED)
<BR><BR>[Calls]<UL><LI><a href="#[8d]">&gt;&gt;</a>&nbsp;&nbsp;&nbsp;EPAdr
</UL>

<P><STRONG><a name="[99]"></a>USB_GetFrame</STRONG> (Thumb, 30 bytes, Stack size 4 bytes, usbhw.o(.text), UNUSED)
<BR><BR>[Calls]<UL><LI><a href="#[9b]">&gt;&gt;</a>&nbsp;&nbsp;&nbsp;RdCmdDat
<LI><a href="#[9a]">&gt;&gt;</a>&nbsp;&nbsp;&nbsp;WrCmd
</UL>

<P><STRONG><a name="[22]"></a>USB_IRQHandler</STRONG> (Thumb, 494 bytes, Stack size 32 bytes, usbhw.o(.text))
<BR><BR>[Stack]<UL><LI>Max Depth = 40<LI>Call Chain = USB_IRQHandler &rArr; USB_Reset_Event
</UL>
<BR>[Calls]<UL><LI><a href="#[9d]">&gt;&gt;</a>&nbsp;&nbsp;&nbsp;USB_Resume
<LI><a href="#[9c]">&gt;&gt;</a>&nbsp;&nbsp;&nbsp;USB_Suspend
<LI><a href="#[9b]">&gt;&gt;</a>&nbsp;&nbsp;&nbsp;RdCmdDat
<LI><a href="#[9a]">&gt;&gt;</a>&nbsp;&nbsp;&nbsp;WrCmd
<LI><a href="#[87]">&gt;&gt;</a>&nbsp;&nbsp;&nbsp;USB_Reset
<LI><a href="#[9e]">&gt;&gt;</a>&nbsp;&nbsp;&nbsp;USB_SOF_Event
<LI><a href="#[6c]">&gt;&gt;</a>&nbsp;&nbsp;&nbsp;USB_Reset_Event
</UL>
<BR>[Address Reference Count : 1]<UL><LI> startup_lpc17xx.o(RESET)
</UL>
<P><STRONG><a name="[3b]"></a>__aeabi_uldivmod</STRONG> (Thumb, 98 bytes, Stack size 40 bytes, uldiv.o(.text), UNUSED)
<BR><BR>[Calls]<UL><LI><a href="#[9f]">&gt;&gt;</a>&nbsp;&nbsp;&nbsp;__aeabi_llsr
<LI><a href="#[a0]">&gt;&gt;</a>&nbsp;&nbsp;&nbsp;__aeabi_llsl
</UL>
<BR>[Called By]<UL><LI><a href="#[3a]">&gt;&gt;</a>&nbsp;&nbsp;&nbsp;SystemCoreClockUpdate
</UL>

<P><STRONG><a name="[a1]"></a>__aeabi_dadd</STRONG> (Thumb, 322 bytes, Stack size 48 bytes, dadd.o(.text))
<BR><BR>[Stack]<UL><LI>Max Depth = 88<LI>Call Chain = __aeabi_dadd &rArr; _double_epilogue &rArr; _double_round
</UL>
<BR>[Calls]<UL><LI><a href="#[a2]">&gt;&gt;</a>&nbsp;&nbsp;&nbsp;__aeabi_lasr
<LI><a href="#[a0]">&gt;&gt;</a>&nbsp;&nbsp;&nbsp;__aeabi_llsl
<LI><a href="#[a4]">&gt;&gt;</a>&nbsp;&nbsp;&nbsp;_double_round
<LI><a href="#[a3]">&gt;&gt;</a>&nbsp;&nbsp;&nbsp;_double_epilogue
</UL>
<BR>[Called By]<UL><LI><a href="#[5f]">&gt;&gt;</a>&nbsp;&nbsp;&nbsp;__aeabi_dsub
<LI><a href="#[a5]">&gt;&gt;</a>&nbsp;&nbsp;&nbsp;__aeabi_drsub
</UL>

<P><STRONG><a name="[5f]"></a>__aeabi_dsub</STRONG> (Thumb, 6 bytes, Stack size 0 bytes, dadd.o(.text))
<BR><BR>[Stack]<UL><LI>Max Depth = 88<LI>Call Chain = __aeabi_dsub &rArr; __aeabi_dadd &rArr; _double_epilogue &rArr; _double_round
</UL>
<BR>[Calls]<UL><LI><a href="#[a1]">&gt;&gt;</a>&nbsp;&nbsp;&nbsp;__aeabi_dadd
</UL>
<BR>[Called By]<UL><LI><a href="#[5d]">&gt;&gt;</a>&nbsp;&nbsp;&nbsp;create_level
</UL>

<P><STRONG><a name="[a5]"></a>__aeabi_drsub</STRONG> (Thumb, 6 bytes, Stack size 0 bytes, dadd.o(.text), UNUSED)
<BR><BR>[Calls]<UL><LI><a href="#[a1]">&gt;&gt;</a>&nbsp;&nbsp;&nbsp;__aeabi_dadd
</UL>

<P><STRONG><a name="[c3]"></a>__aeabi_uidiv</STRONG> (Thumb, 0 bytes, Stack size 12 bytes, uidiv.o(.text), UNUSED)

<P><STRONG><a name="[aa]"></a>__aeabi_uidivmod</STRONG> (Thumb, 44 bytes, Stack size 12 bytes, uidiv.o(.text), UNUSED)
<BR><BR>[Called By]<UL><LI><a href="#[a9]">&gt;&gt;</a>&nbsp;&nbsp;&nbsp;_printf_core
</UL>

<P><STRONG><a name="[a0]"></a>__aeabi_llsl</STRONG> (Thumb, 30 bytes, Stack size 0 bytes, llshl.o(.text))
<BR><BR>[Called By]<UL><LI><a href="#[3b]">&gt;&gt;</a>&nbsp;&nbsp;&nbsp;__aeabi_uldivmod
<LI><a href="#[a3]">&gt;&gt;</a>&nbsp;&nbsp;&nbsp;_double_epilogue
<LI><a href="#[a1]">&gt;&gt;</a>&nbsp;&nbsp;&nbsp;__aeabi_dadd
</UL>

<P><STRONG><a name="[c4]"></a>_ll_shift_l</STRONG> (Thumb, 0 bytes, Stack size 0 bytes, llshl.o(.text), UNUSED)

<P><STRONG><a name="[9f]"></a>__aeabi_llsr</STRONG> (Thumb, 32 bytes, Stack size 0 bytes, llushr.o(.text))
<BR><BR>[Called By]<UL><LI><a href="#[3b]">&gt;&gt;</a>&nbsp;&nbsp;&nbsp;__aeabi_uldivmod
<LI><a href="#[a3]">&gt;&gt;</a>&nbsp;&nbsp;&nbsp;_double_epilogue
</UL>

<P><STRONG><a name="[c5]"></a>_ll_ushift_r</STRONG> (Thumb, 0 bytes, Stack size 0 bytes, llushr.o(.text), UNUSED)

<P><STRONG><a name="[a2]"></a>__aeabi_lasr</STRONG> (Thumb, 36 bytes, Stack size 0 bytes, llsshr.o(.text))
<BR><BR>[Called By]<UL><LI><a href="#[a1]">&gt;&gt;</a>&nbsp;&nbsp;&nbsp;__aeabi_dadd
</UL>

<P><STRONG><a name="[c6]"></a>_ll_sshift_r</STRONG> (Thumb, 0 bytes, Stack size 0 bytes, llsshr.o(.text), UNUSED)

<P><STRONG><a name="[a4]"></a>_double_round</STRONG> (Thumb, 26 bytes, Stack size 8 bytes, depilogue.o(.text))
<BR><BR>[Stack]<UL><LI>Max Depth = 8<LI>Call Chain = _double_round
</UL>
<BR>[Called By]<UL><LI><a href="#[a3]">&gt;&gt;</a>&nbsp;&nbsp;&nbsp;_double_epilogue
<LI><a href="#[a1]">&gt;&gt;</a>&nbsp;&nbsp;&nbsp;__aeabi_dadd
</UL>

<P><STRONG><a name="[a3]"></a>_double_epilogue</STRONG> (Thumb, 164 bytes, Stack size 32 bytes, depilogue.o(.text))
<BR><BR>[Stack]<UL><LI>Max Depth = 40<LI>Call Chain = _double_epilogue &rArr; _double_round
</UL>
<BR>[Calls]<UL><LI><a href="#[9f]">&gt;&gt;</a>&nbsp;&nbsp;&nbsp;__aeabi_llsr
<LI><a href="#[a0]">&gt;&gt;</a>&nbsp;&nbsp;&nbsp;__aeabi_llsl
<LI><a href="#[a4]">&gt;&gt;</a>&nbsp;&nbsp;&nbsp;_double_round
</UL>
<BR>[Called By]<UL><LI><a href="#[a1]">&gt;&gt;</a>&nbsp;&nbsp;&nbsp;__aeabi_dadd
</UL>

<P><STRONG><a name="[34]"></a>__scatterload</STRONG> (Thumb, 28 bytes, Stack size 0 bytes, init.o(.text))
<BR><BR>[Calls]<UL><LI><a href="#[a6]">&gt;&gt;</a>&nbsp;&nbsp;&nbsp;__main_after_scatterload
</UL>
<BR>[Called By]<UL><LI><a href="#[33]">&gt;&gt;</a>&nbsp;&nbsp;&nbsp;_main_scatterload
</UL>

<P><STRONG><a name="[c7]"></a>__scatterload_rt2</STRONG> (Thumb, 0 bytes, Stack size 0 bytes, init.o(.text), UNUSED)

<P><STRONG><a name="[7b]"></a>USB_ReqGetDescriptor</STRONG> (Thumb, 164 bytes, Stack size 8 bytes, usbcore.o(i.USB_ReqGetDescriptor))
<BR><BR>[Stack]<UL><LI>Max Depth = 8<LI>Call Chain = USB_ReqGetDescriptor
</UL>
<BR>[Called By]<UL><LI><a href="#[31]">&gt;&gt;</a>&nbsp;&nbsp;&nbsp;USB_EndPoint0
</UL>

<P><STRONG><a name="[79]"></a>USB_ReqGetStatus</STRONG> (Thumb, 160 bytes, Stack size 0 bytes, usbcore.o(i.USB_ReqGetStatus))
<BR><BR>[Called By]<UL><LI><a href="#[31]">&gt;&gt;</a>&nbsp;&nbsp;&nbsp;USB_EndPoint0
</UL>

<P><STRONG><a name="[7a]"></a>USB_ReqSetClrFeature</STRONG> (Thumb, 210 bytes, Stack size 16 bytes, usbcore.o(i.USB_ReqSetClrFeature))
<BR><BR>[Stack]<UL><LI>Max Depth = 28<LI>Call Chain = USB_ReqSetClrFeature &rArr; USB_SetStallEP
</UL>
<BR>[Calls]<UL><LI><a href="#[a7]">&gt;&gt;</a>&nbsp;&nbsp;&nbsp;USB_WakeUpCfg
<LI><a href="#[7c]">&gt;&gt;</a>&nbsp;&nbsp;&nbsp;USB_SetStallEP
<LI><a href="#[84]">&gt;&gt;</a>&nbsp;&nbsp;&nbsp;USB_ClrStallEP
</UL>
<BR>[Called By]<UL><LI><a href="#[31]">&gt;&gt;</a>&nbsp;&nbsp;&nbsp;USB_EndPoint0
</UL>

<P><STRONG><a name="[7d]"></a>USB_ReqSetConfiguration</STRONG> (Thumb, 400 bytes, Stack size 24 bytes, usbcore.o(i.USB_ReqSetConfiguration))
<BR><BR>[Stack]<UL><LI>Max Depth = 36<LI>Call Chain = USB_ReqSetConfiguration &rArr; USB_ResetEP
</UL>
<BR>[Calls]<UL><LI><a href="#[94]">&gt;&gt;</a>&nbsp;&nbsp;&nbsp;USB_ResetEP
<LI><a href="#[92]">&gt;&gt;</a>&nbsp;&nbsp;&nbsp;USB_EnableEP
<LI><a href="#[93]">&gt;&gt;</a>&nbsp;&nbsp;&nbsp;USB_DisableEP
<LI><a href="#[90]">&gt;&gt;</a>&nbsp;&nbsp;&nbsp;USB_Configure
<LI><a href="#[91]">&gt;&gt;</a>&nbsp;&nbsp;&nbsp;USB_ConfigEP
</UL>
<BR>[Called By]<UL><LI><a href="#[31]">&gt;&gt;</a>&nbsp;&nbsp;&nbsp;USB_EndPoint0
</UL>

<P><STRONG><a name="[7e]"></a>USB_ReqSetInterface</STRONG> (Thumb, 278 bytes, Stack size 40 bytes, usbcore.o(i.USB_ReqSetInterface))
<BR><BR>[Stack]<UL><LI>Max Depth = 52<LI>Call Chain = USB_ReqSetInterface &rArr; USB_ResetEP
</UL>
<BR>[Calls]<UL><LI><a href="#[94]">&gt;&gt;</a>&nbsp;&nbsp;&nbsp;USB_ResetEP
<LI><a href="#[92]">&gt;&gt;</a>&nbsp;&nbsp;&nbsp;USB_EnableEP
<LI><a href="#[93]">&gt;&gt;</a>&nbsp;&nbsp;&nbsp;USB_DisableEP
<LI><a href="#[91]">&gt;&gt;</a>&nbsp;&nbsp;&nbsp;USB_ConfigEP
</UL>
<BR>[Called By]<UL><LI><a href="#[31]">&gt;&gt;</a>&nbsp;&nbsp;&nbsp;USB_EndPoint0
</UL>

<P><STRONG><a name="[a8]"></a>__0sprintf$1</STRONG> (Thumb, 34 bytes, Stack size 24 bytes, printf1.o(i.__0sprintf$1), UNUSED)
<BR><BR>[Calls]<UL><LI><a href="#[30]">&gt;&gt;</a>&nbsp;&nbsp;&nbsp;_sputc
<LI><a href="#[a9]">&gt;&gt;</a>&nbsp;&nbsp;&nbsp;_printf_core
</UL>

<P><STRONG><a name="[c8]"></a>__1sprintf$1</STRONG> (Thumb, 0 bytes, Stack size 24 bytes, printf1.o(i.__0sprintf$1), UNUSED)

<P><STRONG><a name="[64]"></a>__2sprintf</STRONG> (Thumb, 0 bytes, Stack size 24 bytes, printf1.o(i.__0sprintf$1))
<BR><BR>[Stack]<UL><LI>Max Depth = 24<LI>Call Chain = __2sprintf
</UL>
<BR>[Called By]<UL><LI><a href="#[63]">&gt;&gt;</a>&nbsp;&nbsp;&nbsp;start_game
<LI><a href="#[5b]">&gt;&gt;</a>&nbsp;&nbsp;&nbsp;snakegame
</UL>

<P><STRONG><a name="[c9]"></a>__scatterload_zeroinit</STRONG> (Thumb, 14 bytes, Stack size unknown bytes, handlers.o(i.__scatterload_zeroinit), UNUSED)
<P>
<H3>
Local Symbols
</H3>
<P><STRONG><a name="[3d]"></a>delay</STRONG> (Thumb, 14 bytes, Stack size 0 bytes, glcd_spi_lpc1700.o(.text))
<BR><BR>[Called By]<UL><LI><a href="#[43]">&gt;&gt;</a>&nbsp;&nbsp;&nbsp;GLCD_Init
<LI><a href="#[3c]">&gt;&gt;</a>&nbsp;&nbsp;&nbsp;spi_tran_man
</UL>

<P><STRONG><a name="[3c]"></a>spi_tran_man</STRONG> (Thumb, 124 bytes, Stack size 24 bytes, glcd_spi_lpc1700.o(.text))
<BR><BR>[Stack]<UL><LI>Max Depth = 24<LI>Call Chain = spi_tran_man
</UL>
<BR>[Calls]<UL><LI><a href="#[3d]">&gt;&gt;</a>&nbsp;&nbsp;&nbsp;delay
</UL>
<BR>[Called By]<UL><LI><a href="#[42]">&gt;&gt;</a>&nbsp;&nbsp;&nbsp;rd_id_man
</UL>

<P><STRONG><a name="[3e]"></a>wr_cmd</STRONG> (Thumb, 36 bytes, Stack size 8 bytes, glcd_spi_lpc1700.o(.text))
<BR><BR>[Stack]<UL><LI>Max Depth = 8<LI>Call Chain = wr_cmd
</UL>
<BR>[Calls]<UL><LI><a href="#[3f]">&gt;&gt;</a>&nbsp;&nbsp;&nbsp;spi_tran
</UL>
<BR>[Called By]<UL><LI><a href="#[52]">&gt;&gt;</a>&nbsp;&nbsp;&nbsp;GLCD_WrCmd
<LI><a href="#[51]">&gt;&gt;</a>&nbsp;&nbsp;&nbsp;GLCD_BitmapZoom
<LI><a href="#[50]">&gt;&gt;</a>&nbsp;&nbsp;&nbsp;GLCD_BitmapFull
<LI><a href="#[4f]">&gt;&gt;</a>&nbsp;&nbsp;&nbsp;GLCD_Bitmap
<LI><a href="#[4c]">&gt;&gt;</a>&nbsp;&nbsp;&nbsp;GLCD_DrawChar
<LI><a href="#[48]">&gt;&gt;</a>&nbsp;&nbsp;&nbsp;GLCD_Clear
<LI><a href="#[47]">&gt;&gt;</a>&nbsp;&nbsp;&nbsp;GLCD_PutPixel
<LI><a href="#[44]">&gt;&gt;</a>&nbsp;&nbsp;&nbsp;wr_reg
<LI><a href="#[41]">&gt;&gt;</a>&nbsp;&nbsp;&nbsp;rd_reg
</UL>

<P><STRONG><a name="[40]"></a>wr_dat</STRONG> (Thumb, 36 bytes, Stack size 8 bytes, glcd_spi_lpc1700.o(.text))
<BR><BR>[Stack]<UL><LI>Max Depth = 8<LI>Call Chain = wr_dat
</UL>
<BR>[Calls]<UL><LI><a href="#[3f]">&gt;&gt;</a>&nbsp;&nbsp;&nbsp;spi_tran
</UL>
<BR>[Called By]<UL><LI><a href="#[47]">&gt;&gt;</a>&nbsp;&nbsp;&nbsp;GLCD_PutPixel
<LI><a href="#[44]">&gt;&gt;</a>&nbsp;&nbsp;&nbsp;wr_reg
</UL>

<P><STRONG><a name="[41]"></a>rd_reg</STRONG> (Thumb, 66 bytes, Stack size 16 bytes, glcd_spi_lpc1700.o(.text))
<BR><BR>[Stack]<UL><LI>Max Depth = 24<LI>Call Chain = rd_reg &rArr; wr_cmd
</UL>
<BR>[Calls]<UL><LI><a href="#[3f]">&gt;&gt;</a>&nbsp;&nbsp;&nbsp;spi_tran
<LI><a href="#[3e]">&gt;&gt;</a>&nbsp;&nbsp;&nbsp;wr_cmd
</UL>
<BR>[Called By]<UL><LI><a href="#[43]">&gt;&gt;</a>&nbsp;&nbsp;&nbsp;GLCD_Init
</UL>

<P><STRONG><a name="[42]"></a>rd_id_man</STRONG> (Thumb, 132 bytes, Stack size 8 bytes, glcd_spi_lpc1700.o(.text))
<BR><BR>[Stack]<UL><LI>Max Depth = 32<LI>Call Chain = rd_id_man &rArr; spi_tran_man
</UL>
<BR>[Calls]<UL><LI><a href="#[3c]">&gt;&gt;</a>&nbsp;&nbsp;&nbsp;spi_tran_man
</UL>
<BR>[Called By]<UL><LI><a href="#[43]">&gt;&gt;</a>&nbsp;&nbsp;&nbsp;GLCD_Init
</UL>

<P><STRONG><a name="[3f]"></a>spi_tran</STRONG> (Thumb, 26 bytes, Stack size 0 bytes, glcd_spi_lpc1700.o(.text))
<BR><BR>[Called By]<UL><LI><a href="#[4a]">&gt;&gt;</a>&nbsp;&nbsp;&nbsp;wr_dat_only
<LI><a href="#[49]">&gt;&gt;</a>&nbsp;&nbsp;&nbsp;wr_dat_start
<LI><a href="#[41]">&gt;&gt;</a>&nbsp;&nbsp;&nbsp;rd_reg
<LI><a href="#[40]">&gt;&gt;</a>&nbsp;&nbsp;&nbsp;wr_dat
<LI><a href="#[3e]">&gt;&gt;</a>&nbsp;&nbsp;&nbsp;wr_cmd
</UL>

<P><STRONG><a name="[49]"></a>wr_dat_start</STRONG> (Thumb, 16 bytes, Stack size 8 bytes, glcd_spi_lpc1700.o(.text))
<BR><BR>[Stack]<UL><LI>Max Depth = 8<LI>Call Chain = wr_dat_start
</UL>
<BR>[Calls]<UL><LI><a href="#[3f]">&gt;&gt;</a>&nbsp;&nbsp;&nbsp;spi_tran
</UL>
<BR>[Called By]<UL><LI><a href="#[51]">&gt;&gt;</a>&nbsp;&nbsp;&nbsp;GLCD_BitmapZoom
<LI><a href="#[50]">&gt;&gt;</a>&nbsp;&nbsp;&nbsp;GLCD_BitmapFull
<LI><a href="#[4f]">&gt;&gt;</a>&nbsp;&nbsp;&nbsp;GLCD_Bitmap
<LI><a href="#[4c]">&gt;&gt;</a>&nbsp;&nbsp;&nbsp;GLCD_DrawChar
<LI><a href="#[48]">&gt;&gt;</a>&nbsp;&nbsp;&nbsp;GLCD_Clear
</UL>

<P><STRONG><a name="[4b]"></a>wr_dat_stop</STRONG> (Thumb, 8 bytes, Stack size 0 bytes, glcd_spi_lpc1700.o(.text))
<BR><BR>[Called By]<UL><LI><a href="#[51]">&gt;&gt;</a>&nbsp;&nbsp;&nbsp;GLCD_BitmapZoom
<LI><a href="#[50]">&gt;&gt;</a>&nbsp;&nbsp;&nbsp;GLCD_BitmapFull
<LI><a href="#[4f]">&gt;&gt;</a>&nbsp;&nbsp;&nbsp;GLCD_Bitmap
<LI><a href="#[4c]">&gt;&gt;</a>&nbsp;&nbsp;&nbsp;GLCD_DrawChar
<LI><a href="#[48]">&gt;&gt;</a>&nbsp;&nbsp;&nbsp;GLCD_Clear
</UL>

<P><STRONG><a name="[4a]"></a>wr_dat_only</STRONG> (Thumb, 18 bytes, Stack size 8 bytes, glcd_spi_lpc1700.o(.text))
<BR><BR>[Stack]<UL><LI>Max Depth = 8<LI>Call Chain = wr_dat_only
</UL>
<BR>[Calls]<UL><LI><a href="#[3f]">&gt;&gt;</a>&nbsp;&nbsp;&nbsp;spi_tran
</UL>
<BR>[Called By]<UL><LI><a href="#[51]">&gt;&gt;</a>&nbsp;&nbsp;&nbsp;GLCD_BitmapZoom
<LI><a href="#[50]">&gt;&gt;</a>&nbsp;&nbsp;&nbsp;GLCD_BitmapFull
<LI><a href="#[4f]">&gt;&gt;</a>&nbsp;&nbsp;&nbsp;GLCD_Bitmap
<LI><a href="#[4c]">&gt;&gt;</a>&nbsp;&nbsp;&nbsp;GLCD_DrawChar
<LI><a href="#[48]">&gt;&gt;</a>&nbsp;&nbsp;&nbsp;GLCD_Clear
</UL>

<P><STRONG><a name="[44]"></a>wr_reg</STRONG> (Thumb, 20 bytes, Stack size 16 bytes, glcd_spi_lpc1700.o(.text))
<BR><BR>[Stack]<UL><LI>Max Depth = 24<LI>Call Chain = wr_reg &rArr; wr_dat
</UL>
<BR>[Calls]<UL><LI><a href="#[40]">&gt;&gt;</a>&nbsp;&nbsp;&nbsp;wr_dat
<LI><a href="#[3e]">&gt;&gt;</a>&nbsp;&nbsp;&nbsp;wr_cmd
</UL>
<BR>[Called By]<UL><LI><a href="#[53]">&gt;&gt;</a>&nbsp;&nbsp;&nbsp;GLCD_WrReg
<LI><a href="#[47]">&gt;&gt;</a>&nbsp;&nbsp;&nbsp;GLCD_PutPixel
<LI><a href="#[45]">&gt;&gt;</a>&nbsp;&nbsp;&nbsp;GLCD_SetWindow
<LI><a href="#[43]">&gt;&gt;</a>&nbsp;&nbsp;&nbsp;GLCD_Init
</UL>

<P><STRONG><a name="[8a]"></a>NVIC_EnableIRQ</STRONG> (Thumb, 198 bytes, Stack size 0 bytes, usbdmain.o(.text))
<BR><BR>[Called By]<UL><LI><a href="#[58]">&gt;&gt;</a>&nbsp;&nbsp;&nbsp;audio_main
</UL>

<P><STRONG><a name="[85]"></a>NVIC_DisableIRQ</STRONG> (Thumb, 18 bytes, Stack size 0 bytes, usbdmain.o(.text))
<BR><BR>[Called By]<UL><LI><a href="#[b]">&gt;&gt;</a>&nbsp;&nbsp;&nbsp;TIMER0_IRQHandler
</UL>

<P><STRONG><a name="[a9]"></a>_printf_core</STRONG> (Thumb, 334 bytes, Stack size 88 bytes, printf1.o(i._printf_core), UNUSED)
<BR><BR>[Calls]<UL><LI><a href="#[aa]">&gt;&gt;</a>&nbsp;&nbsp;&nbsp;__aeabi_uidivmod
</UL>
<BR>[Called By]<UL><LI><a href="#[a8]">&gt;&gt;</a>&nbsp;&nbsp;&nbsp;__0sprintf$1
</UL>

<P><STRONG><a name="[30]"></a>_sputc</STRONG> (Thumb, 10 bytes, Stack size 0 bytes, printf1.o(i._sputc))
<BR><BR>[Called By]<UL><LI><a href="#[a8]">&gt;&gt;</a>&nbsp;&nbsp;&nbsp;__0sprintf$1
</UL>
<BR>[Address Reference Count : 1]<UL><LI> printf1.o(i.__0sprintf$1)
</UL><P>
<H3>
Undefined Global Symbols
</H3><HR></body></html>
